[2026-05-05T07:59:39.358-0400][0.006s] CardTable entry size: 512
[2026-05-05T07:59:39.359-0400][0.006s] Using G1
[2026-05-05T07:59:39.936-0400][0.583s] Version: 21.0.10+7-nixos (release)
[2026-05-05T07:59:39.936-0400][0.584s] CPUs: 12 total, 12 available
[2026-05-05T07:59:39.936-0400][0.584s] Memory: 63727M
[2026-05-05T07:59:39.936-0400][0.584s] Large Page Support: Disabled
[2026-05-05T07:59:39.936-0400][0.584s] NUMA Support: Disabled
[2026-05-05T07:59:39.936-0400][0.584s] Compressed Oops: Enabled (Zero based)
[2026-05-05T07:59:39.937-0400][0.584s] Heap Region Size: 8M
[2026-05-05T07:59:39.937-0400][0.584s] Heap Min Capacity: 4G
[2026-05-05T07:59:39.937-0400][0.584s] Heap Initial Capacity: 4G
[2026-05-05T07:59:39.937-0400][0.584s] Heap Max Capacity: 4G
[2026-05-05T07:59:39.937-0400][0.584s] Pre-touch: Enabled
[2026-05-05T07:59:39.937-0400][0.584s] Parallel Workers: 10
[2026-05-05T07:59:39.937-0400][0.584s] Concurrent Workers: 3
[2026-05-05T07:59:39.937-0400][0.584s] Concurrent Refinement Workers: 10
[2026-05-05T07:59:39.937-0400][0.584s] Periodic GC: Disabled
[2026-05-05T07:59:39.947-0400][0.594s] CDS archive(s) mapped at: [0x0000789eff000000-0x0000789effc9c000-0x0000789effc9c000), size 13221888, SharedBaseAddress: 0x0000789eff000000, ArchiveRelocationMode: 1.
[2026-05-05T07:59:39.947-0400][0.594s] Compressed class space mapped at: 0x0000789f00000000-0x0000789f40000000, reserved size: 1073741824
[2026-05-05T07:59:39.947-0400][0.594s] Narrow klass base: 0x0000789eff000000, Narrow klass shift: 0, Narrow klass range: 0x100000000
[2026-05-05T07:59:46.645-0400][7.292s] GC(0) Pause Young (Normal) (G1 Evacuation Pause)
[2026-05-05T07:59:46.645-0400][7.292s] GC(0) Using 10 workers of 10 for evacuation
[2026-05-05T07:59:46.648-0400][7.295s] GC(0)   Pre Evacuate Collection Set: 0.09ms
[2026-05-05T07:59:46.648-0400][7.295s] GC(0)   Merge Heap Roots: 0.06ms
[2026-05-05T07:59:46.648-0400][7.295s] GC(0)   Evacuate Collection Set: 2.23ms
[2026-05-05T07:59:46.648-0400][7.295s] GC(0)   Post Evacuate Collection Set: 0.29ms
[2026-05-05T07:59:46.648-0400][7.295s] GC(0)   Other: 0.05ms
[2026-05-05T07:59:46.648-0400][7.295s] GC(0) Eden regions: 25->0(24)
[2026-05-05T07:59:46.648-0400][7.295s] GC(0) Survivor regions: 0->1(4)
[2026-05-05T07:59:46.648-0400][7.295s] GC(0) Old regions: 1->1
[2026-05-05T07:59:46.648-0400][7.295s] GC(0) Humongous regions: 0->0
[2026-05-05T07:59:46.648-0400][7.295s] GC(0) Metaspace: 10272K(10496K)->10272K(10496K) NonClass: 9348K(9472K)->9348K(9472K) Class: 923K(1024K)->923K(1024K)
[2026-05-05T07:59:46.648-0400][7.295s] GC(0) Pause Young (Normal) (G1 Evacuation Pause) 201M->7M(4096M) 2.933ms
[2026-05-05T07:59:46.648-0400][7.295s] GC(0) User=0.01s Sys=0.01s Real=0.00s
[2026-05-05T08:00:04.891-0400][25.538s] GC(1) Pause Young (Normal) (G1 Evacuation Pause)
[2026-05-05T08:00:04.891-0400][25.538s] GC(1) Using 10 workers of 10 for evacuation
[2026-05-05T08:00:04.893-0400][25.540s] GC(1)   Pre Evacuate Collection Set: 0.10ms
[2026-05-05T08:00:04.893-0400][25.540s] GC(1)   Merge Heap Roots: 0.02ms
[2026-05-05T08:00:04.893-0400][25.540s] GC(1)   Evacuate Collection Set: 1.43ms
[2026-05-05T08:00:04.893-0400][25.540s] GC(1)   Post Evacuate Collection Set: 0.37ms
[2026-05-05T08:00:04.893-0400][25.540s] GC(1)   Other: 0.05ms
[2026-05-05T08:00:04.893-0400][25.540s] GC(1) Eden regions: 24->0(24)
[2026-05-05T08:00:04.893-0400][25.540s] GC(1) Survivor regions: 1->1(4)
[2026-05-05T08:00:04.893-0400][25.540s] GC(1) Old regions: 1->1
[2026-05-05T08:00:04.893-0400][25.540s] GC(1) Humongous regions: 0->0
[2026-05-05T08:00:04.893-0400][25.540s] GC(1) Metaspace: 10760K(10944K)->10760K(10944K) NonClass: 9818K(9920K)->9818K(9920K) Class: 942K(1024K)->942K(1024K)
[2026-05-05T08:00:04.893-0400][25.540s] GC(1) Pause Young (Normal) (G1 Evacuation Pause) 199M->9M(4096M) 2.142ms
[2026-05-05T08:00:04.893-0400][25.540s] GC(1) User=0.01s Sys=0.00s Real=0.00s
[2026-05-05T08:00:33.832-0400][54.479s] GC(2) Pause Young (Normal) (G1 Evacuation Pause)
[2026-05-05T08:00:33.832-0400][54.479s] GC(2) Using 10 workers of 10 for evacuation
[2026-05-05T08:00:33.834-0400][54.481s] GC(2)   Pre Evacuate Collection Set: 0.09ms
[2026-05-05T08:00:33.834-0400][54.481s] GC(2)   Merge Heap Roots: 0.02ms
[2026-05-05T08:00:33.834-0400][54.481s] GC(2)   Evacuate Collection Set: 1.48ms
[2026-05-05T08:00:33.834-0400][54.481s] GC(2)   Post Evacuate Collection Set: 0.45ms
[2026-05-05T08:00:33.834-0400][54.481s] GC(2)   Other: 0.04ms
[2026-05-05T08:00:33.834-0400][54.481s] GC(2) Eden regions: 24->0(24)
[2026-05-05T08:00:33.834-0400][54.481s] GC(2) Survivor regions: 1->1(4)
[2026-05-05T08:00:33.834-0400][54.481s] GC(2) Old regions: 1->1
[2026-05-05T08:00:33.834-0400][54.481s] GC(2) Humongous regions: 0->0
[2026-05-05T08:00:33.834-0400][54.481s] GC(2) Metaspace: 10891K(11072K)->10891K(11072K) NonClass: 9948K(10048K)->9948K(10048K) Class: 943K(1024K)->943K(1024K)
[2026-05-05T08:00:33.834-0400][54.482s] GC(2) Pause Young (Normal) (G1 Evacuation Pause) 200M->7M(4096M) 2.332ms
[2026-05-05T08:00:33.834-0400][54.482s] GC(2) User=0.02s Sys=0.01s Real=0.00s
[2026-05-05T08:01:12.088-0400][92.735s] GC(3) Pause Young (Normal) (G1 Evacuation Pause)
[2026-05-05T08:01:12.088-0400][92.735s] GC(3) Using 10 workers of 10 for evacuation
[2026-05-05T08:01:12.093-0400][92.740s] GC(3)   Pre Evacuate Collection Set: 0.11ms
[2026-05-05T08:01:12.093-0400][92.740s] GC(3)   Merge Heap Roots: 0.04ms
[2026-05-05T08:01:12.093-0400][92.740s] GC(3)   Evacuate Collection Set: 4.12ms
[2026-05-05T08:01:12.093-0400][92.740s] GC(3)   Post Evacuate Collection Set: 0.44ms
[2026-05-05T08:01:12.093-0400][92.740s] GC(3)   Other: 0.06ms
[2026-05-05T08:01:12.093-0400][92.740s] GC(3) Eden regions: 24->0(23)
[2026-05-05T08:01:12.093-0400][92.740s] GC(3) Survivor regions: 1->2(4)
[2026-05-05T08:01:12.093-0400][92.740s] GC(3) Old regions: 1->1
[2026-05-05T08:01:12.093-0400][92.740s] GC(3) Humongous regions: 0->0
[2026-05-05T08:01:12.093-0400][92.740s] GC(3) Metaspace: 10919K(11072K)->10919K(11072K) NonClass: 9975K(10048K)->9975K(10048K) Class: 944K(1024K)->944K(1024K)
[2026-05-05T08:01:12.093-0400][92.740s] GC(3) Pause Young (Normal) (G1 Evacuation Pause) 199M->13M(4096M) 4.996ms
[2026-05-05T08:01:12.093-0400][92.740s] GC(3) User=0.01s Sys=0.00s Real=0.01s
[2026-05-05T08:01:40.939-0400][121.586s] GC(4) Pause Young (Normal) (G1 Evacuation Pause)
[2026-05-05T08:01:40.939-0400][121.586s] GC(4) Using 10 workers of 10 for evacuation
[2026-05-05T08:01:40.941-0400][121.588s] GC(4)   Pre Evacuate Collection Set: 0.10ms
[2026-05-05T08:01:40.941-0400][121.588s] GC(4)   Merge Heap Roots: 0.03ms
[2026-05-05T08:01:40.941-0400][121.588s] GC(4)   Evacuate Collection Set: 1.76ms
[2026-05-05T08:01:40.941-0400][121.588s] GC(4)   Post Evacuate Collection Set: 0.34ms
[2026-05-05T08:01:40.941-0400][121.588s] GC(4)   Other: 0.05ms
[2026-05-05T08:01:40.941-0400][121.588s] GC(4) Eden regions: 23->0(24)
[2026-05-05T08:01:40.941-0400][121.588s] GC(4) Survivor regions: 2->1(4)
[2026-05-05T08:01:40.941-0400][121.588s] GC(4) Old regions: 1->1
[2026-05-05T08:01:40.941-0400][121.588s] GC(4) Humongous regions: 0->0
[2026-05-05T08:01:40.941-0400][121.588s] GC(4) Metaspace: 10947K(11136K)->10947K(11136K) NonClass: 10003K(10112K)->10003K(10112K) Class: 944K(1024K)->944K(1024K)
[2026-05-05T08:01:40.941-0400][121.588s] GC(4) Pause Young (Normal) (G1 Evacuation Pause) 197M->8M(4096M) 2.482ms
[2026-05-05T08:01:40.941-0400][121.588s] GC(4) User=0.01s Sys=0.00s Real=0.01s
[2026-05-05T08:02:10.840-0400][151.487s] GC(5) Pause Young (Normal) (G1 Evacuation Pause)
[2026-05-05T08:02:10.840-0400][151.487s] GC(5) Using 10 workers of 10 for evacuation
[2026-05-05T08:02:10.842-0400][151.489s] GC(5)   Pre Evacuate Collection Set: 0.06ms
[2026-05-05T08:02:10.842-0400][151.489s] GC(5)   Merge Heap Roots: 0.02ms
[2026-05-05T08:02:10.842-0400][151.489s] GC(5)   Evacuate Collection Set: 1.62ms
[2026-05-05T08:02:10.842-0400][151.489s] GC(5)   Post Evacuate Collection Set: 0.39ms
[2026-05-05T08:02:10.842-0400][151.489s] GC(5)   Other: 0.05ms
[2026-05-05T08:02:10.842-0400][151.489s] GC(5) Eden regions: 24->0(23)
[2026-05-05T08:02:10.842-0400][151.489s] GC(5) Survivor regions: 1->2(4)
[2026-05-05T08:02:10.842-0400][151.489s] GC(5) Old regions: 1->1
[2026-05-05T08:02:10.842-0400][151.489s] GC(5) Humongous regions: 0->0
[2026-05-05T08:02:10.842-0400][151.489s] GC(5) Metaspace: 10991K(11200K)->10991K(11200K) NonClass: 10046K(10176K)->10046K(10176K) Class: 944K(1024K)->944K(1024K)
[2026-05-05T08:02:10.842-0400][151.489s] GC(5) Pause Young (Normal) (G1 Evacuation Pause) 200M->12M(4096M) 2.311ms
[2026-05-05T08:02:10.842-0400][151.489s] GC(5) User=0.01s Sys=0.00s Real=0.00s
[2026-05-05T08:02:34.196-0400][174.843s] GC(6) Pause Young (Normal) (G1 Evacuation Pause)
[2026-05-05T08:02:34.196-0400][174.843s] GC(6) Using 10 workers of 10 for evacuation
[2026-05-05T08:02:34.198-0400][174.845s] GC(6)   Pre Evacuate Collection Set: 0.19ms
[2026-05-05T08:02:34.198-0400][174.845s] GC(6)   Merge Heap Roots: 0.04ms
[2026-05-05T08:02:34.198-0400][174.845s] GC(6)   Evacuate Collection Set: 1.51ms
[2026-05-05T08:02:34.198-0400][174.845s] GC(6)   Post Evacuate Collection Set: 0.41ms
[2026-05-05T08:02:34.198-0400][174.845s] GC(6)   Other: 0.04ms
[2026-05-05T08:02:34.198-0400][174.845s] GC(6) Eden regions: 23->0(24)
[2026-05-05T08:02:34.198-0400][174.845s] GC(6) Survivor regions: 2->1(4)
[2026-05-05T08:02:34.198-0400][174.845s] GC(6) Old regions: 1->1
[2026-05-05T08:02:34.198-0400][174.845s] GC(6) Humongous regions: 0->0
[2026-05-05T08:02:34.198-0400][174.845s] GC(6) Metaspace: 11051K(11264K)->11051K(11264K) NonClass: 10105K(10240K)->10105K(10240K) Class: 945K(1024K)->945K(1024K)
[2026-05-05T08:02:34.198-0400][174.845s] GC(6) Pause Young (Normal) (G1 Evacuation Pause) 196M->8M(4096M) 2.347ms
[2026-05-05T08:02:34.198-0400][174.845s] GC(6) User=0.01s Sys=0.00s Real=0.00s
[2026-05-05T08:03:15.615-0400][216.262s] GC(7) Pause Young (Normal) (G1 Evacuation Pause)
[2026-05-05T08:03:15.615-0400][216.262s] GC(7) Using 10 workers of 10 for evacuation
[2026-05-05T08:03:15.618-0400][216.266s] GC(7)   Pre Evacuate Collection Set: 0.15ms
[2026-05-05T08:03:15.619-0400][216.266s] GC(7)   Merge Heap Roots: 0.03ms
[2026-05-05T08:03:15.619-0400][216.266s] GC(7)   Evacuate Collection Set: 2.95ms
[2026-05-05T08:03:15.619-0400][216.266s] GC(7)   Post Evacuate Collection Set: 0.40ms
[2026-05-05T08:03:15.619-0400][216.266s] GC(7)   Other: 0.05ms
[2026-05-05T08:03:15.619-0400][216.266s] GC(7) Eden regions: 24->0(23)
[2026-05-05T08:03:15.619-0400][216.266s] GC(7) Survivor regions: 1->2(4)
[2026-05-05T08:03:15.619-0400][216.266s] GC(7) Old regions: 1->1
[2026-05-05T08:03:15.619-0400][216.266s] GC(7) Humongous regions: 0->0
[2026-05-05T08:03:15.619-0400][216.266s] GC(7) Metaspace: 11053K(11264K)->11053K(11264K) NonClass: 10107K(10240K)->10107K(10240K) Class: 945K(1024K)->945K(1024K)
[2026-05-05T08:03:15.619-0400][216.266s] GC(7) Pause Young (Normal) (G1 Evacuation Pause) 200M->16M(4096M) 3.753ms
[2026-05-05T08:03:15.619-0400][216.266s] GC(7) User=0.03s Sys=0.00s Real=0.00s
[2026-05-05T08:03:52.887-0400][253.534s] GC(8) Pause Young (Normal) (G1 Evacuation Pause)
[2026-05-05T08:03:52.887-0400][253.534s] GC(8) Using 10 workers of 10 for evacuation
[2026-05-05T08:03:52.890-0400][253.538s] GC(8)   Pre Evacuate Collection Set: 0.09ms
[2026-05-05T08:03:52.891-0400][253.538s] GC(8)   Merge Heap Roots: 0.03ms
[2026-05-05T08:03:52.891-0400][253.538s] GC(8)   Evacuate Collection Set: 2.76ms
[2026-05-05T08:03:52.891-0400][253.538s] GC(8)   Post Evacuate Collection Set: 0.39ms
[2026-05-05T08:03:52.891-0400][253.538s] GC(8)   Other: 0.05ms
[2026-05-05T08:03:52.891-0400][253.538s] GC(8) Eden regions: 23->0(23)
[2026-05-05T08:03:52.891-0400][253.538s] GC(8) Survivor regions: 2->2(4)
[2026-05-05T08:03:52.891-0400][253.538s] GC(8) Old regions: 1->1
[2026-05-05T08:03:52.891-0400][253.538s] GC(8) Humongous regions: 0->0
[2026-05-05T08:03:52.891-0400][253.538s] GC(8) Metaspace: 11131K(11328K)->11131K(11328K) NonClass: 10178K(10304K)->10178K(10304K) Class: 953K(1024K)->953K(1024K)
[2026-05-05T08:03:52.891-0400][253.538s] GC(8) Pause Young (Normal) (G1 Evacuation Pause) 200M->12M(4096M) 3.499ms
[2026-05-05T08:03:52.891-0400][253.538s] GC(8) User=0.02s Sys=0.01s Real=0.01s
[2026-05-05T08:04:31.009-0400][291.656s] GC(9) Pause Young (Normal) (G1 Evacuation Pause)
[2026-05-05T08:04:31.009-0400][291.656s] GC(9) Using 10 workers of 10 for evacuation
[2026-05-05T08:04:31.021-0400][291.668s] GC(9) MMU target violated: 6.0ms (5.0ms/6.0ms)
[2026-05-05T08:04:31.021-0400][291.668s] GC(9)   Pre Evacuate Collection Set: 0.08ms
[2026-05-05T08:04:31.021-0400][291.668s] GC(9)   Merge Heap Roots: 0.02ms
[2026-05-05T08:04:31.021-0400][291.668s] GC(9)   Evacuate Collection Set: 9.98ms
[2026-05-05T08:04:31.021-0400][291.668s] GC(9)   Post Evacuate Collection Set: 1.32ms
[2026-05-05T08:04:31.021-0400][291.668s] GC(9)   Other: 0.17ms
[2026-05-05T08:04:31.021-0400][291.668s] GC(9) Eden regions: 23->0(22)
[2026-05-05T08:04:31.021-0400][291.668s] GC(9) Survivor regions: 2->3(4)
[2026-05-05T08:04:31.021-0400][291.668s] GC(9) Old regions: 1->1
[2026-05-05T08:04:31.021-0400][291.668s] GC(9) Humongous regions: 0->0
[2026-05-05T08:04:31.021-0400][291.668s] GC(9) Metaspace: 11131K(11328K)->11131K(11328K) NonClass: 10178K(10304K)->10178K(10304K) Class: 953K(1024K)->953K(1024K)
[2026-05-05T08:04:31.021-0400][291.668s] GC(9) Pause Young (Normal) (G1 Evacuation Pause) 196M->21M(4096M) 12.113ms
[2026-05-05T08:04:31.021-0400][291.668s] GC(9) User=0.09s Sys=0.01s Real=0.02s
[2026-05-05T08:05:05.473-0400][326.120s] GC(10) Pause Young (Normal) (G1 Evacuation Pause)
[2026-05-05T08:05:05.473-0400][326.121s] GC(10) Using 10 workers of 10 for evacuation
[2026-05-05T08:05:05.476-0400][326.123s] GC(10)   Pre Evacuate Collection Set: 0.09ms
[2026-05-05T08:05:05.476-0400][326.123s] GC(10)   Merge Heap Roots: 0.03ms
[2026-05-05T08:05:05.476-0400][326.123s] GC(10)   Evacuate Collection Set: 2.00ms
[2026-05-05T08:05:05.476-0400][326.123s] GC(10)   Post Evacuate Collection Set: 0.33ms
[2026-05-05T08:05:05.476-0400][326.123s] GC(10)   Other: 0.05ms
[2026-05-05T08:05:05.476-0400][326.123s] GC(10) Eden regions: 22->0(24)
[2026-05-05T08:05:05.476-0400][326.123s] GC(10) Survivor regions: 3->1(4)
[2026-05-05T08:05:05.476-0400][326.123s] GC(10) Old regions: 1->2
[2026-05-05T08:05:05.476-0400][326.123s] GC(10) Humongous regions: 0->0
[2026-05-05T08:05:05.476-0400][326.123s] GC(10) Metaspace: 11139K(11328K)->11139K(11328K) NonClass: 10186K(10304K)->10186K(10304K) Class: 953K(1024K)->953K(1024K)
[2026-05-05T08:05:05.476-0400][326.123s] GC(10) Pause Young (Normal) (G1 Evacuation Pause) 197M->11M(4096M) 2.677ms
[2026-05-05T08:05:05.476-0400][326.123s] GC(10) User=0.02s Sys=0.00s Real=0.00s
[2026-05-05T08:05:46.355-0400][367.002s] GC(11) Pause Young (Normal) (G1 Evacuation Pause)
[2026-05-05T08:05:46.355-0400][367.002s] GC(11) Using 10 workers of 10 for evacuation
[2026-05-05T08:05:46.358-0400][367.005s] GC(11)   Pre Evacuate Collection Set: 0.10ms
[2026-05-05T08:05:46.358-0400][367.005s] GC(11)   Merge Heap Roots: 0.02ms
[2026-05-05T08:05:46.358-0400][367.005s] GC(11)   Evacuate Collection Set: 2.64ms
[2026-05-05T08:05:46.358-0400][367.005s] GC(11)   Post Evacuate Collection Set: 0.17ms
[2026-05-05T08:05:46.358-0400][367.005s] GC(11)   Other: 0.04ms
[2026-05-05T08:05:46.358-0400][367.005s] GC(11) Eden regions: 24->0(23)
[2026-05-05T08:05:46.358-0400][367.005s] GC(11) Survivor regions: 1->2(4)
[2026-05-05T08:05:46.358-0400][367.005s] GC(11) Old regions: 2->2
[2026-05-05T08:05:46.358-0400][367.005s] GC(11) Humongous regions: 0->0
[2026-05-05T08:05:46.358-0400][367.005s] GC(11) Metaspace: 11142K(11328K)->11142K(11328K) NonClass: 10189K(10304K)->10189K(10304K) Class: 953K(1024K)->953K(1024K)
[2026-05-05T08:05:46.358-0400][367.005s] GC(11) Pause Young (Normal) (G1 Evacuation Pause) 203M->18M(4096M) 3.159ms
[2026-05-05T08:05:46.358-0400][367.005s] GC(11) User=0.02s Sys=0.00s Real=0.00s
[2026-05-05T08:05:58.899-0400][379.546s] GC(12) Pause Young (Normal) (G1 Evacuation Pause)
[2026-05-05T08:05:58.899-0400][379.546s] GC(12) Using 10 workers of 10 for evacuation
[2026-05-05T08:05:58.902-0400][379.549s] GC(12)   Pre Evacuate Collection Set: 0.14ms
[2026-05-05T08:05:58.902-0400][379.549s] GC(12)   Merge Heap Roots: 0.02ms
[2026-05-05T08:05:58.902-0400][379.549s] GC(12)   Evacuate Collection Set: 2.31ms
[2026-05-05T08:05:58.902-0400][379.549s] GC(12)   Post Evacuate Collection Set: 0.19ms
[2026-05-05T08:05:58.902-0400][379.549s] GC(12)   Other: 0.04ms
[2026-05-05T08:05:58.902-0400][379.549s] GC(12) Eden regions: 23->0(22)
[2026-05-05T08:05:58.902-0400][379.549s] GC(12) Survivor regions: 2->3(4)
[2026-05-05T08:05:58.902-0400][379.549s] GC(12) Old regions: 2->2
[2026-05-05T08:05:58.902-0400][379.549s] GC(12) Humongous regions: 0->0
[2026-05-05T08:05:58.902-0400][379.549s] GC(12) Metaspace: 11150K(11328K)->11150K(11328K) NonClass: 10197K(10304K)->10197K(10304K) Class: 953K(1024K)->953K(1024K)
[2026-05-05T08:05:58.902-0400][379.549s] GC(12) Pause Young (Normal) (G1 Evacuation Pause) 202M->21M(4096M) 2.932ms
[2026-05-05T08:05:58.902-0400][379.549s] GC(12) User=0.03s Sys=0.00s Real=0.01s
[2026-05-05T08:06:33.639-0400][414.286s] GC(13) Pause Young (Normal) (G1 Evacuation Pause)
[2026-05-05T08:06:33.639-0400][414.286s] GC(13) Using 10 workers of 10 for evacuation
[2026-05-05T08:06:33.642-0400][414.289s] GC(13)   Pre Evacuate Collection Set: 0.09ms
[2026-05-05T08:06:33.642-0400][414.289s] GC(13)   Merge Heap Roots: 0.02ms
[2026-05-05T08:06:33.642-0400][414.289s] GC(13)   Evacuate Collection Set: 1.98ms
[2026-05-05T08:06:33.642-0400][414.289s] GC(13)   Post Evacuate Collection Set: 0.15ms
[2026-05-05T08:06:33.642-0400][414.289s] GC(13)   Other: 0.04ms
[2026-05-05T08:06:33.642-0400][414.289s] GC(13) Eden regions: 22->0(23)
[2026-05-05T08:06:33.642-0400][414.289s] GC(13) Survivor regions: 3->2(4)
[2026-05-05T08:06:33.642-0400][414.289s] GC(13) Old regions: 2->2
[2026-05-05T08:06:33.642-0400][414.289s] GC(13) Humongous regions: 0->0
[2026-05-05T08:06:33.642-0400][414.289s] GC(13) Metaspace: 11158K(11392K)->11158K(11392K) NonClass: 10205K(10368K)->10205K(10368K) Class: 953K(1024K)->953K(1024K)
[2026-05-05T08:06:33.642-0400][414.289s] GC(13) Pause Young (Normal) (G1 Evacuation Pause) 197M->15M(4096M) 2.466ms
[2026-05-05T08:06:33.642-0400][414.289s] GC(13) User=0.01s Sys=0.00s Real=0.00s
[2026-05-05T08:07:07.322-0400][447.969s] GC(14) Pause Young (Normal) (G1 Evacuation Pause)
[2026-05-05T08:07:07.322-0400][447.969s] GC(14) Using 10 workers of 10 for evacuation
[2026-05-05T08:07:07.326-0400][447.973s] GC(14)   Pre Evacuate Collection Set: 0.14ms
[2026-05-05T08:07:07.326-0400][447.973s] GC(14)   Merge Heap Roots: 0.02ms
[2026-05-05T08:07:07.326-0400][447.973s] GC(14)   Evacuate Collection Set: 3.80ms
[2026-05-05T08:07:07.326-0400][447.973s] GC(14)   Post Evacuate Collection Set: 0.18ms
[2026-05-05T08:07:07.326-0400][447.973s] GC(14)   Other: 0.05ms
[2026-05-05T08:07:07.326-0400][447.973s] GC(14) Eden regions: 23->0(22)
[2026-05-05T08:07:07.326-0400][447.973s] GC(14) Survivor regions: 2->3(4)
[2026-05-05T08:07:07.326-0400][447.973s] GC(14) Old regions: 2->2
[2026-05-05T08:07:07.326-0400][447.973s] GC(14) Humongous regions: 0->0
[2026-05-05T08:07:07.326-0400][447.973s] GC(14) Metaspace: 11164K(11392K)->11164K(11392K) NonClass: 10211K(10368K)->10211K(10368K) Class: 953K(1024K)->953K(1024K)
[2026-05-05T08:07:07.326-0400][447.973s] GC(14) Pause Young (Normal) (G1 Evacuation Pause) 199M->21M(4096M) 4.367ms
[2026-05-05T08:07:07.326-0400][447.973s] GC(14) User=0.03s Sys=0.00s Real=0.00s
[2026-05-05T08:07:21.198-0400][461.845s] GC(15) Pause Young (Normal) (G1 Evacuation Pause)
[2026-05-05T08:07:21.198-0400][461.845s] GC(15) Using 10 workers of 10 for evacuation
[2026-05-05T08:07:21.199-0400][461.846s] GC(15)   Pre Evacuate Collection Set: 0.11ms
[2026-05-05T08:07:21.199-0400][461.847s] GC(15)   Merge Heap Roots: 0.03ms
[2026-05-05T08:07:21.199-0400][461.847s] GC(15)   Evacuate Collection Set: 1.05ms
[2026-05-05T08:07:21.199-0400][461.847s] GC(15)   Post Evacuate Collection Set: 0.18ms
[2026-05-05T08:07:21.199-0400][461.847s] GC(15)   Other: 0.05ms
[2026-05-05T08:07:21.199-0400][461.847s] GC(15) Eden regions: 22->0(24)
[2026-05-05T08:07:21.200-0400][461.847s] GC(15) Survivor regions: 3->1(4)
[2026-05-05T08:07:21.200-0400][461.847s] GC(15) Old regions: 2->2
[2026-05-05T08:07:21.200-0400][461.847s] GC(15) Humongous regions: 0->0
[2026-05-05T08:07:21.200-0400][461.847s] GC(15) Metaspace: 11171K(11392K)->11171K(11392K) NonClass: 10217K(10368K)->10217K(10368K) Class: 953K(1024K)->953K(1024K)
[2026-05-05T08:07:21.200-0400][461.847s] GC(15) Pause Young (Normal) (G1 Evacuation Pause) 197M->11M(4096M) 1.637ms
[2026-05-05T08:07:21.200-0400][461.847s] GC(15) User=0.01s Sys=0.01s Real=0.01s
[2026-05-05T08:08:03.525-0400][504.172s] GC(16) Pause Young (Normal) (G1 Evacuation Pause)
[2026-05-05T08:08:03.525-0400][504.172s] GC(16) Using 10 workers of 10 for evacuation
[2026-05-05T08:08:03.528-0400][504.175s] GC(16)   Pre Evacuate Collection Set: 0.07ms
[2026-05-05T08:08:03.528-0400][504.175s] GC(16)   Merge Heap Roots: 0.03ms
[2026-05-05T08:08:03.528-0400][504.175s] GC(16)   Evacuate Collection Set: 2.65ms
[2026-05-05T08:08:03.528-0400][504.175s] GC(16)   Post Evacuate Collection Set: 0.18ms
[2026-05-05T08:08:03.528-0400][504.175s] GC(16)   Other: 0.05ms
[2026-05-05T08:08:03.528-0400][504.175s] GC(16) Eden regions: 24->0(23)
[2026-05-05T08:08:03.528-0400][504.175s] GC(16) Survivor regions: 1->2(4)
[2026-05-05T08:08:03.528-0400][504.175s] GC(16) Old regions: 2->2
[2026-05-05T08:08:03.528-0400][504.175s] GC(16) Humongous regions: 0->0
[2026-05-05T08:08:03.528-0400][504.175s] GC(16) Metaspace: 11175K(11392K)->11175K(11392K) NonClass: 10221K(10368K)->10221K(10368K) Class: 953K(1024K)->953K(1024K)
[2026-05-05T08:08:03.528-0400][504.175s] GC(16) Pause Young (Normal) (G1 Evacuation Pause) 203M->19M(4096M) 3.138ms
[2026-05-05T08:08:03.528-0400][504.175s] GC(16) User=0.02s Sys=0.00s Real=0.00s
[2026-05-05T08:08:31.318-0400][531.965s] GC(17) Pause Young (Normal) (G1 Evacuation Pause)
[2026-05-05T08:08:31.318-0400][531.965s] GC(17) Using 10 workers of 10 for evacuation
[2026-05-05T08:08:31.319-0400][531.966s] GC(17)   Pre Evacuate Collection Set: 0.09ms
[2026-05-05T08:08:31.319-0400][531.966s] GC(17)   Merge Heap Roots: 0.03ms
[2026-05-05T08:08:31.319-0400][531.966s] GC(17)   Evacuate Collection Set: 1.18ms
[2026-05-05T08:08:31.319-0400][531.966s] GC(17)   Post Evacuate Collection Set: 0.21ms
[2026-05-05T08:08:31.319-0400][531.966s] GC(17)   Other: 0.04ms
[2026-05-05T08:08:31.319-0400][531.966s] GC(17) Eden regions: 23->0(24)
[2026-05-05T08:08:31.319-0400][531.966s] GC(17) Survivor regions: 2->1(4)
[2026-05-05T08:08:31.319-0400][531.966s] GC(17) Old regions: 2->2
[2026-05-05T08:08:31.319-0400][531.966s] GC(17) Humongous regions: 0->0
[2026-05-05T08:08:31.319-0400][531.966s] GC(17) Metaspace: 11200K(11392K)->11200K(11392K) NonClass: 10247K(10368K)->10247K(10368K) Class: 953K(1024K)->953K(1024K)
[2026-05-05T08:08:31.319-0400][531.966s] GC(17) Pause Young (Normal) (G1 Evacuation Pause) 203M->11M(4096M) 1.739ms
[2026-05-05T08:08:31.319-0400][531.966s] GC(17) User=0.01s Sys=0.00s Real=0.01s
[2026-05-05T08:09:21.511-0400][582.158s] GC(18) Pause Young (Normal) (G1 Evacuation Pause)
[2026-05-05T08:09:21.511-0400][582.158s] GC(18) Using 10 workers of 10 for evacuation
[2026-05-05T08:09:21.514-0400][582.161s] GC(18)   Pre Evacuate Collection Set: 0.12ms
[2026-05-05T08:09:21.514-0400][582.161s] GC(18)   Merge Heap Roots: 0.03ms
[2026-05-05T08:09:21.514-0400][582.161s] GC(18)   Evacuate Collection Set: 2.95ms
[2026-05-05T08:09:21.514-0400][582.161s] GC(18)   Post Evacuate Collection Set: 0.17ms
[2026-05-05T08:09:21.514-0400][582.161s] GC(18)   Other: 0.06ms
[2026-05-05T08:09:21.514-0400][582.161s] GC(18) Eden regions: 24->0(23)
[2026-05-05T08:09:21.514-0400][582.161s] GC(18) Survivor regions: 1->2(4)
[2026-05-05T08:09:21.514-0400][582.161s] GC(18) Old regions: 2->2
[2026-05-05T08:09:21.514-0400][582.161s] GC(18) Humongous regions: 0->0
[2026-05-05T08:09:21.514-0400][582.161s] GC(18) Metaspace: 11200K(11392K)->11200K(11392K) NonClass: 10247K(10368K)->10247K(10368K) Class: 953K(1024K)->953K(1024K)
[2026-05-05T08:09:21.514-0400][582.161s] GC(18) Pause Young (Normal) (G1 Evacuation Pause) 203M->18M(4096M) 3.536ms
[2026-05-05T08:09:21.514-0400][582.161s] GC(18) User=0.02s Sys=0.00s Real=0.00s
[2026-05-05T08:10:00.378-0400][621.025s] GC(19) Pause Young (Normal) (G1 Evacuation Pause)
[2026-05-05T08:10:00.378-0400][621.025s] GC(19) Using 10 workers of 10 for evacuation
[2026-05-05T08:10:00.381-0400][621.028s] GC(19)   Pre Evacuate Collection Set: 0.13ms
[2026-05-05T08:10:00.381-0400][621.028s] GC(19)   Merge Heap Roots: 0.02ms
[2026-05-05T08:10:00.381-0400][621.028s] GC(19)   Evacuate Collection Set: 2.89ms
[2026-05-05T08:10:00.381-0400][621.028s] GC(19)   Post Evacuate Collection Set: 0.17ms
[2026-05-05T08:10:00.381-0400][621.028s] GC(19)   Other: 0.08ms
[2026-05-05T08:10:00.381-0400][621.028s] GC(19) Eden regions: 23->0(22)
[2026-05-05T08:10:00.381-0400][621.028s] GC(19) Survivor regions: 2->3(4)
[2026-05-05T08:10:00.381-0400][621.028s] GC(19) Old regions: 2->2
[2026-05-05T08:10:00.381-0400][621.028s] GC(19) Humongous regions: 0->0
[2026-05-05T08:10:00.381-0400][621.028s] GC(19) Metaspace: 11202K(11392K)->11202K(11392K) NonClass: 10249K(10368K)->10249K(10368K) Class: 953K(1024K)->953K(1024K)
[2026-05-05T08:10:00.381-0400][621.028s] GC(19) Pause Young (Normal) (G1 Evacuation Pause) 202M->21M(4096M) 3.504ms
[2026-05-05T08:10:00.381-0400][621.028s] GC(19) User=0.03s Sys=0.00s Real=0.01s
[2026-05-05T08:10:23.123-0400][643.770s] GC(20) Pause Young (Normal) (G1 Evacuation Pause)
[2026-05-05T08:10:23.123-0400][643.770s] GC(20) Using 10 workers of 10 for evacuation
[2026-05-05T08:10:23.126-0400][643.773s] GC(20)   Pre Evacuate Collection Set: 0.09ms
[2026-05-05T08:10:23.126-0400][643.773s] GC(20)   Merge Heap Roots: 0.03ms
[2026-05-05T08:10:23.126-0400][643.773s] GC(20)   Evacuate Collection Set: 2.72ms
[2026-05-05T08:10:23.126-0400][643.773s] GC(20)   Post Evacuate Collection Set: 0.17ms
[2026-05-05T08:10:23.126-0400][643.773s] GC(20)   Other: 0.05ms
[2026-05-05T08:10:23.126-0400][643.773s] GC(20) Eden regions: 22->0(23)
[2026-05-05T08:10:23.126-0400][643.773s] GC(20) Survivor regions: 3->2(4)
[2026-05-05T08:10:23.126-0400][643.773s] GC(20) Old regions: 2->3
[2026-05-05T08:10:23.126-0400][643.773s] GC(20) Humongous regions: 0->0
[2026-05-05T08:10:23.126-0400][643.773s] GC(20) Metaspace: 11383K(11584K)->11383K(11584K) NonClass: 10419K(10496K)->10419K(10496K) Class: 964K(1088K)->964K(1088K)
[2026-05-05T08:10:23.126-0400][643.773s] GC(20) Pause Young (Normal) (G1 Evacuation Pause) 197M->21M(4096M) 3.234ms
[2026-05-05T08:10:23.126-0400][643.773s] GC(20) User=0.03s Sys=0.00s Real=0.00s
[2026-05-05T08:10:58.385-0400][679.032s] GC(21) Pause Young (Normal) (G1 Evacuation Pause)
[2026-05-05T08:10:58.385-0400][679.032s] GC(21) Using 10 workers of 10 for evacuation
[2026-05-05T08:10:58.389-0400][679.036s] GC(21)   Pre Evacuate Collection Set: 0.09ms
[2026-05-05T08:10:58.389-0400][679.036s] GC(21)   Merge Heap Roots: 0.04ms
[2026-05-05T08:10:58.389-0400][679.036s] GC(21)   Evacuate Collection Set: 3.26ms
[2026-05-05T08:10:58.389-0400][679.036s] GC(21)   Post Evacuate Collection Set: 0.17ms
[2026-05-05T08:10:58.389-0400][679.036s] GC(21)   Other: 0.06ms
[2026-05-05T08:10:58.389-0400][679.036s] GC(21) Eden regions: 23->0(22)
[2026-05-05T08:10:58.389-0400][679.036s] GC(21) Survivor regions: 2->3(4)
[2026-05-05T08:10:58.389-0400][679.036s] GC(21) Old regions: 3->3
[2026-05-05T08:10:58.389-0400][679.036s] GC(21) Humongous regions: 0->0
[2026-05-05T08:10:58.389-0400][679.036s] GC(21) Metaspace: 11416K(11648K)->11416K(11648K) NonClass: 10447K(10560K)->10447K(10560K) Class: 968K(1088K)->968K(1088K)
[2026-05-05T08:10:58.389-0400][679.036s] GC(21) Pause Young (Normal) (G1 Evacuation Pause) 205M->29M(4096M) 3.774ms
[2026-05-05T08:10:58.389-0400][679.036s] GC(21) User=0.03s Sys=0.00s Real=0.00s
[2026-05-05T08:11:42.631-0400][723.278s] GC(22) Pause Young (Normal) (G1 Evacuation Pause)
[2026-05-05T08:11:42.631-0400][723.278s] GC(22) Using 10 workers of 10 for evacuation
[2026-05-05T08:11:42.636-0400][723.283s] GC(22)   Pre Evacuate Collection Set: 0.19ms
[2026-05-05T08:11:42.636-0400][723.283s] GC(22)   Merge Heap Roots: 0.04ms
[2026-05-05T08:11:42.636-0400][723.283s] GC(22)   Evacuate Collection Set: 4.54ms
[2026-05-05T08:11:42.636-0400][723.283s] GC(22)   Post Evacuate Collection Set: 0.17ms
[2026-05-05T08:11:42.636-0400][723.283s] GC(22)   Other: 0.05ms
[2026-05-05T08:11:42.636-0400][723.283s] GC(22) Eden regions: 22->0(22)
[2026-05-05T08:11:42.636-0400][723.283s] GC(22) Survivor regions: 3->3(4)
[2026-05-05T08:11:42.636-0400][723.283s] GC(22) Old regions: 3->3
[2026-05-05T08:11:42.636-0400][723.283s] GC(22) Humongous regions: 0->0
[2026-05-05T08:11:42.636-0400][723.283s] GC(22) Metaspace: 11416K(11648K)->11416K(11648K) NonClass: 10447K(10560K)->10447K(10560K) Class: 968K(1088K)->968K(1088K)
[2026-05-05T08:11:42.636-0400][723.283s] GC(22) Pause Young (Normal) (G1 Evacuation Pause) 205M->36M(4096M) 5.212ms
[2026-05-05T08:11:42.636-0400][723.283s] GC(22) User=0.03s Sys=0.00s Real=0.00s
[2026-05-05T08:12:03.014-0400][743.661s] GC(23) Pause Young (Normal) (G1 Evacuation Pause)
[2026-05-05T08:12:03.014-0400][743.661s] GC(23) Using 10 workers of 10 for evacuation
[2026-05-05T08:12:03.024-0400][743.671s] GC(23) MMU target violated: 6.0ms (5.0ms/6.0ms)
[2026-05-05T08:12:03.024-0400][743.671s] GC(23)   Pre Evacuate Collection Set: 0.12ms
[2026-05-05T08:12:03.024-0400][743.671s] GC(23)   Merge Heap Roots: 0.12ms
[2026-05-05T08:12:03.024-0400][743.671s] GC(23)   Evacuate Collection Set: 9.13ms
[2026-05-05T08:12:03.024-0400][743.671s] GC(23)   Post Evacuate Collection Set: 0.24ms
[2026-05-05T08:12:03.024-0400][743.671s] GC(23)   Other: 0.10ms
[2026-05-05T08:12:03.024-0400][743.671s] GC(23) Eden regions: 22->0(23)
[2026-05-05T08:12:03.024-0400][743.671s] GC(23) Survivor regions: 3->2(4)
[2026-05-05T08:12:03.024-0400][743.671s] GC(23) Old regions: 3->5
[2026-05-05T08:12:03.024-0400][743.671s] GC(23) Humongous regions: 0->0
[2026-05-05T08:12:03.024-0400][743.671s] GC(23) Metaspace: 11417K(11648K)->11417K(11648K) NonClass: 10448K(10560K)->10448K(10560K) Class: 968K(1088K)->968K(1088K)
[2026-05-05T08:12:03.024-0400][743.671s] GC(23) Pause Young (Normal) (G1 Evacuation Pause) 212M->41M(4096M) 9.873ms
[2026-05-05T08:12:03.024-0400][743.671s] GC(23) User=0.04s Sys=0.01s Real=0.01s
[2026-05-05T08:12:37.555-0400][778.202s] GC(24) Pause Young (Normal) (G1 Evacuation Pause)
[2026-05-05T08:12:37.555-0400][778.202s] GC(24) Using 10 workers of 10 for evacuation
[2026-05-05T08:12:37.559-0400][778.206s] GC(24)   Pre Evacuate Collection Set: 0.11ms
[2026-05-05T08:12:37.559-0400][778.206s] GC(24)   Merge Heap Roots: 0.04ms
[2026-05-05T08:12:37.559-0400][778.206s] GC(24)   Evacuate Collection Set: 3.32ms
[2026-05-05T08:12:37.559-0400][778.206s] GC(24)   Post Evacuate Collection Set: 0.17ms
[2026-05-05T08:12:37.559-0400][778.206s] GC(24)   Other: 0.06ms
[2026-05-05T08:12:37.559-0400][778.206s] GC(24) Eden regions: 23->0(22)
[2026-05-05T08:12:37.559-0400][778.206s] GC(24) Survivor regions: 2->3(4)
[2026-05-05T08:12:37.559-0400][778.206s] GC(24) Old regions: 5->5
[2026-05-05T08:12:37.559-0400][778.206s] GC(24) Humongous regions: 0->0
[2026-05-05T08:12:37.559-0400][778.206s] GC(24) Metaspace: 11421K(11648K)->11421K(11648K) NonClass: 10453K(10560K)->10453K(10560K) Class: 968K(1088K)->968K(1088K)
[2026-05-05T08:12:37.559-0400][778.206s] GC(24) Pause Young (Normal) (G1 Evacuation Pause) 225M->50M(4096M) 3.921ms
[2026-05-05T08:12:37.559-0400][778.206s] GC(24) User=0.02s Sys=0.01s Real=0.01s
[2026-05-05T08:13:16.845-0400][817.492s] GC(25) Pause Young (Normal) (G1 Evacuation Pause)
[2026-05-05T08:13:16.845-0400][817.492s] GC(25) Using 10 workers of 10 for evacuation
[2026-05-05T08:13:16.850-0400][817.497s] GC(25)   Pre Evacuate Collection Set: 0.08ms
[2026-05-05T08:13:16.850-0400][817.497s] GC(25)   Merge Heap Roots: 0.03ms
[2026-05-05T08:13:16.850-0400][817.497s] GC(25)   Evacuate Collection Set: 4.63ms
[2026-05-05T08:13:16.850-0400][817.497s] GC(25)   Post Evacuate Collection Set: 0.20ms
[2026-05-05T08:13:16.850-0400][817.497s] GC(25)   Other: 0.05ms
[2026-05-05T08:13:16.850-0400][817.497s] GC(25) Eden regions: 22->0(22)
[2026-05-05T08:13:16.850-0400][817.497s] GC(25) Survivor regions: 3->3(4)
[2026-05-05T08:13:16.850-0400][817.497s] GC(25) Old regions: 5->6
[2026-05-05T08:13:16.850-0400][817.497s] GC(25) Humongous regions: 0->0
[2026-05-05T08:13:16.850-0400][817.497s] GC(25) Metaspace: 11422K(11648K)->11422K(11648K) NonClass: 10453K(10560K)->10453K(10560K) Class: 968K(1088K)->968K(1088K)
[2026-05-05T08:13:16.850-0400][817.497s] GC(25) Pause Young (Normal) (G1 Evacuation Pause) 226M->57M(4096M) 5.188ms
[2026-05-05T08:13:16.850-0400][817.497s] GC(25) User=0.05s Sys=0.00s Real=0.01s
[2026-05-05T08:14:00.123-0400][860.770s] GC(26) Pause Young (Normal) (G1 Evacuation Pause)
[2026-05-05T08:14:00.123-0400][860.770s] GC(26) Using 10 workers of 10 for evacuation
[2026-05-05T08:14:00.127-0400][860.774s] GC(26)   Pre Evacuate Collection Set: 0.09ms
[2026-05-05T08:14:00.127-0400][860.774s] GC(26)   Merge Heap Roots: 0.04ms
[2026-05-05T08:14:00.127-0400][860.774s] GC(26)   Evacuate Collection Set: 3.77ms
[2026-05-05T08:14:00.127-0400][860.774s] GC(26)   Post Evacuate Collection Set: 0.14ms
[2026-05-05T08:14:00.127-0400][860.774s] GC(26)   Other: 0.04ms
[2026-05-05T08:14:00.127-0400][860.774s] GC(26) Eden regions: 22->0(23)
[2026-05-05T08:14:00.127-0400][860.774s] GC(26) Survivor regions: 3->2(4)
[2026-05-05T08:14:00.127-0400][860.774s] GC(26) Old regions: 6->7
[2026-05-05T08:14:00.127-0400][860.774s] GC(26) Humongous regions: 0->0
[2026-05-05T08:14:00.127-0400][860.774s] GC(26) Metaspace: 11424K(11648K)->11424K(11648K) NonClass: 10455K(10560K)->10455K(10560K) Class: 968K(1088K)->968K(1088K)
[2026-05-05T08:14:00.127-0400][860.774s] GC(26) Pause Young (Normal) (G1 Evacuation Pause) 233M->58M(4096M) 4.275ms
[2026-05-05T08:14:00.127-0400][860.774s] GC(26) User=0.03s Sys=0.00s Real=0.00s
[2026-05-05T08:14:25.699-0400][886.346s] GC(27) Pause Young (Normal) (G1 Evacuation Pause)
[2026-05-05T08:14:25.699-0400][886.346s] GC(27) Using 10 workers of 10 for evacuation
[2026-05-05T08:14:25.702-0400][886.349s] GC(27)   Pre Evacuate Collection Set: 0.09ms
[2026-05-05T08:14:25.702-0400][886.349s] GC(27)   Merge Heap Roots: 0.03ms
[2026-05-05T08:14:25.702-0400][886.349s] GC(27)   Evacuate Collection Set: 2.35ms
[2026-05-05T08:14:25.702-0400][886.349s] GC(27)   Post Evacuate Collection Set: 0.17ms
[2026-05-05T08:14:25.702-0400][886.349s] GC(27)   Other: 0.05ms
[2026-05-05T08:14:25.702-0400][886.349s] GC(27) Eden regions: 23->0(23)
[2026-05-05T08:14:25.702-0400][886.349s] GC(27) Survivor regions: 2->2(4)
[2026-05-05T08:14:25.702-0400][886.349s] GC(27) Old regions: 7->7
[2026-05-05T08:14:25.702-0400][886.349s] GC(27) Humongous regions: 0->0
[2026-05-05T08:14:25.702-0400][886.349s] GC(27) Metaspace: 11441K(11648K)->11441K(11648K) NonClass: 10471K(10560K)->10471K(10560K) Class: 969K(1088K)->969K(1088K)
[2026-05-05T08:14:25.702-0400][886.349s] GC(27) Pause Young (Normal) (G1 Evacuation Pause) 242M->59M(4096M) 2.885ms
[2026-05-05T08:14:25.702-0400][886.349s] GC(27) User=0.02s Sys=0.00s Real=0.00s
[2026-05-05T08:14:50.615-0400][911.263s] GC(28) Pause Young (Normal) (G1 Evacuation Pause)
[2026-05-05T08:14:50.616-0400][911.263s] GC(28) Using 10 workers of 10 for evacuation
[2026-05-05T08:14:50.621-0400][911.268s] GC(28)   Pre Evacuate Collection Set: 0.14ms
[2026-05-05T08:14:50.621-0400][911.268s] GC(28)   Merge Heap Roots: 0.05ms
[2026-05-05T08:14:50.621-0400][911.268s] GC(28)   Evacuate Collection Set: 4.53ms
[2026-05-05T08:14:50.621-0400][911.268s] GC(28)   Post Evacuate Collection Set: 0.25ms
[2026-05-05T08:14:50.621-0400][911.268s] GC(28)   Other: 0.06ms
[2026-05-05T08:14:50.621-0400][911.268s] GC(28) Eden regions: 23->0(23)
[2026-05-05T08:14:50.621-0400][911.268s] GC(28) Survivor regions: 2->2(4)
[2026-05-05T08:14:50.621-0400][911.268s] GC(28) Old regions: 7->7
[2026-05-05T08:14:50.621-0400][911.268s] GC(28) Humongous regions: 0->0
[2026-05-05T08:14:50.621-0400][911.268s] GC(28) Metaspace: 11445K(11712K)->11445K(11712K) NonClass: 10475K(10624K)->10475K(10624K) Class: 969K(1088K)->969K(1088K)
[2026-05-05T08:14:50.621-0400][911.268s] GC(28) Pause Young (Normal) (G1 Evacuation Pause) 243M->60M(4096M) 5.241ms
[2026-05-05T08:14:50.621-0400][911.268s] GC(28) User=0.03s Sys=0.01s Real=0.01s
[2026-05-05T08:15:26.957-0400][947.604s] GC(29) Pause Young (Normal) (G1 Evacuation Pause)
[2026-05-05T08:15:26.957-0400][947.604s] GC(29) Using 10 workers of 10 for evacuation
[2026-05-05T08:15:26.964-0400][947.612s] GC(29) MMU target violated: 6.0ms (5.0ms/6.0ms)
[2026-05-05T08:15:26.965-0400][947.612s] GC(29)   Pre Evacuate Collection Set: 0.12ms
[2026-05-05T08:15:26.965-0400][947.612s] GC(29)   Merge Heap Roots: 0.03ms
[2026-05-05T08:15:26.965-0400][947.612s] GC(29)   Evacuate Collection Set: 7.16ms
[2026-05-05T08:15:26.965-0400][947.612s] GC(29)   Post Evacuate Collection Set: 0.20ms
[2026-05-05T08:15:26.965-0400][947.612s] GC(29)   Other: 0.14ms
[2026-05-05T08:15:26.965-0400][947.612s] GC(29) Eden regions: 24->0(23)
[2026-05-05T08:15:26.965-0400][947.612s] GC(29) Survivor regions: 2->2(4)
[2026-05-05T08:15:26.965-0400][947.612s] GC(29) Old regions: 7->7
[2026-05-05T08:15:26.965-0400][947.612s] GC(29) Humongous regions: 0->0
[2026-05-05T08:15:26.965-0400][947.612s] GC(29) Metaspace: 11447K(11712K)->11447K(11712K) NonClass: 10477K(10624K)->10477K(10624K) Class: 969K(1088K)->969K(1088K)
[2026-05-05T08:15:26.965-0400][947.612s] GC(29) Pause Young (Normal) (G1 Evacuation Pause) 252M->59M(4096M) 7.866ms
[2026-05-05T08:15:26.965-0400][947.612s] GC(29) User=0.03s Sys=0.00s Real=0.01s
[2026-05-05T08:15:50.471-0400][971.119s] GC(30) Pause Young (Normal) (G1 Evacuation Pause)
[2026-05-05T08:15:50.472-0400][971.119s] GC(30) Using 10 workers of 10 for evacuation
[2026-05-05T08:15:50.475-0400][971.122s] GC(30)   Pre Evacuate Collection Set: 0.10ms
[2026-05-05T08:15:50.475-0400][971.122s] GC(30)   Merge Heap Roots: 0.03ms
[2026-05-05T08:15:50.475-0400][971.122s] GC(30)   Evacuate Collection Set: 3.01ms
[2026-05-05T08:15:50.475-0400][971.122s] GC(30)   Post Evacuate Collection Set: 0.17ms
[2026-05-05T08:15:50.475-0400][971.122s] GC(30)   Other: 0.06ms
[2026-05-05T08:15:50.475-0400][971.122s] GC(30) Eden regions: 23->0(22)
[2026-05-05T08:15:50.475-0400][971.122s] GC(30) Survivor regions: 2->3(4)
[2026-05-05T08:15:50.475-0400][971.122s] GC(30) Old regions: 7->7
[2026-05-05T08:15:50.475-0400][971.122s] GC(30) Humongous regions: 0->0
[2026-05-05T08:15:50.475-0400][971.122s] GC(30) Metaspace: 11471K(11712K)->11471K(11712K) NonClass: 10500K(10624K)->10500K(10624K) Class: 970K(1088K)->970K(1088K)
[2026-05-05T08:15:50.475-0400][971.122s] GC(30) Pause Young (Normal) (G1 Evacuation Pause) 243M->65M(4096M) 3.623ms
[2026-05-05T08:15:50.475-0400][971.122s] GC(30) User=0.03s Sys=0.00s Real=0.00s
[2026-05-05T08:16:48.862-0400][1029.509s] GC(31) Pause Young (Normal) (G1 Evacuation Pause)
[2026-05-05T08:16:48.862-0400][1029.509s] GC(31) Using 10 workers of 10 for evacuation
[2026-05-05T08:16:48.873-0400][1029.520s] GC(31) MMU target violated: 6.0ms (5.0ms/6.0ms)
[2026-05-05T08:16:48.873-0400][1029.520s] GC(31)   Pre Evacuate Collection Set: 0.16ms
[2026-05-05T08:16:48.873-0400][1029.520s] GC(31)   Merge Heap Roots: 0.08ms
[2026-05-05T08:16:48.873-0400][1029.520s] GC(31)   Evacuate Collection Set: 10.39ms
[2026-05-05T08:16:48.873-0400][1029.520s] GC(31)   Post Evacuate Collection Set: 0.32ms
[2026-05-05T08:16:48.873-0400][1029.520s] GC(31)   Other: 0.16ms
[2026-05-05T08:16:48.873-0400][1029.520s] GC(31) Eden regions: 22->0(22)
[2026-05-05T08:16:48.873-0400][1029.520s] GC(31) Survivor regions: 3->3(4)
[2026-05-05T08:16:48.873-0400][1029.520s] GC(31) Old regions: 7->8
[2026-05-05T08:16:48.873-0400][1029.520s] GC(31) Humongous regions: 0->0
[2026-05-05T08:16:48.873-0400][1029.520s] GC(31) Metaspace: 11471K(11712K)->11471K(11712K) NonClass: 10500K(10624K)->10500K(10624K) Class: 970K(1088K)->970K(1088K)
[2026-05-05T08:16:48.873-0400][1029.520s] GC(31) Pause Young (Normal) (G1 Evacuation Pause) 241M->73M(4096M) 11.363ms
[2026-05-05T08:16:48.873-0400][1029.520s] GC(31) User=0.04s Sys=0.00s Real=0.01s
[2026-05-05T08:17:24.111-0400][1064.758s] GC(32) Pause Young (Normal) (G1 Evacuation Pause)
[2026-05-05T08:17:24.111-0400][1064.759s] GC(32) Using 10 workers of 10 for evacuation
[2026-05-05T08:17:24.117-0400][1064.764s] GC(32) MMU target violated: 5.9ms (5.0ms/6.0ms)
[2026-05-05T08:17:24.117-0400][1064.765s] GC(32)   Pre Evacuate Collection Set: 0.10ms
[2026-05-05T08:17:24.117-0400][1064.765s] GC(32)   Merge Heap Roots: 0.04ms
[2026-05-05T08:17:24.118-0400][1064.765s] GC(32)   Evacuate Collection Set: 5.60ms
[2026-05-05T08:17:24.118-0400][1064.765s] GC(32)   Post Evacuate Collection Set: 0.17ms
[2026-05-05T08:17:24.118-0400][1064.765s] GC(32)   Other: 0.09ms
[2026-05-05T08:17:24.118-0400][1064.765s] GC(32) Eden regions: 22->0(22)
[2026-05-05T08:17:24.118-0400][1064.765s] GC(32) Survivor regions: 3->3(4)
[2026-05-05T08:17:24.118-0400][1064.765s] GC(32) Old regions: 8->9
[2026-05-05T08:17:24.118-0400][1064.765s] GC(32) Humongous regions: 0->0
[2026-05-05T08:17:24.118-0400][1064.765s] GC(32) Metaspace: 11471K(11712K)->11471K(11712K) NonClass: 10500K(10624K)->10500K(10624K) Class: 970K(1088K)->970K(1088K)
[2026-05-05T08:17:24.118-0400][1064.765s] GC(32) Pause Young (Normal) (G1 Evacuation Pause) 249M->80M(4096M) 6.182ms
[2026-05-05T08:17:24.118-0400][1064.765s] GC(32) User=0.04s Sys=0.00s Real=0.00s
[2026-05-05T08:17:39.963-0400][1080.610s] GC(33) Pause Young (Normal) (G1 Evacuation Pause)
[2026-05-05T08:17:39.963-0400][1080.610s] GC(33) Using 10 workers of 10 for evacuation
[2026-05-05T08:17:39.967-0400][1080.614s] GC(33)   Pre Evacuate Collection Set: 0.08ms
[2026-05-05T08:17:39.967-0400][1080.615s] GC(33)   Merge Heap Roots: 0.02ms
[2026-05-05T08:17:39.967-0400][1080.615s] GC(33)   Evacuate Collection Set: 3.99ms
[2026-05-05T08:17:39.967-0400][1080.615s] GC(33)   Post Evacuate Collection Set: 0.15ms
[2026-05-05T08:17:39.967-0400][1080.615s] GC(33)   Other: 0.04ms
[2026-05-05T08:17:39.968-0400][1080.615s] GC(33) Eden regions: 22->0(22)
[2026-05-05T08:17:39.968-0400][1080.615s] GC(33) Survivor regions: 3->3(4)
[2026-05-05T08:17:39.968-0400][1080.615s] GC(33) Old regions: 9->10
[2026-05-05T08:17:39.968-0400][1080.615s] GC(33) Humongous regions: 0->0
[2026-05-05T08:17:39.968-0400][1080.615s] GC(33) Metaspace: 11474K(11712K)->11474K(11712K) NonClass: 10503K(10624K)->10503K(10624K) Class: 970K(1088K)->970K(1088K)
[2026-05-05T08:17:39.968-0400][1080.615s] GC(33) Pause Young (Normal) (G1 Evacuation Pause) 256M->84M(4096M) 4.474ms
[2026-05-05T08:17:39.968-0400][1080.615s] GC(33) User=0.04s Sys=0.00s Real=0.00s
[2026-05-05T08:17:55.375-0400][1096.022s] GC(34) Pause Young (Normal) (G1 Evacuation Pause)
[2026-05-05T08:17:55.375-0400][1096.022s] GC(34) Using 10 workers of 10 for evacuation
[2026-05-05T08:17:55.379-0400][1096.026s] GC(34)   Pre Evacuate Collection Set: 0.09ms
[2026-05-05T08:17:55.379-0400][1096.026s] GC(34)   Merge Heap Roots: 0.02ms
[2026-05-05T08:17:55.379-0400][1096.026s] GC(34)   Evacuate Collection Set: 3.81ms
[2026-05-05T08:17:55.379-0400][1096.026s] GC(34)   Post Evacuate Collection Set: 0.14ms
[2026-05-05T08:17:55.379-0400][1096.026s] GC(34)   Other: 0.05ms
[2026-05-05T08:17:55.379-0400][1096.026s] GC(34) Eden regions: 22->0(22)
[2026-05-05T08:17:55.379-0400][1096.026s] GC(34) Survivor regions: 3->3(4)
[2026-05-05T08:17:55.379-0400][1096.026s] GC(34) Old regions: 10->11
[2026-05-05T08:17:55.379-0400][1096.026s] GC(34) Humongous regions: 0->0
[2026-05-05T08:17:55.379-0400][1096.026s] GC(34) Metaspace: 11474K(11712K)->11474K(11712K) NonClass: 10503K(10624K)->10503K(10624K) Class: 970K(1088K)->970K(1088K)
[2026-05-05T08:17:55.379-0400][1096.026s] GC(34) Pause Young (Normal) (G1 Evacuation Pause) 260M->90M(4096M) 4.294ms
[2026-05-05T08:17:55.379-0400][1096.026s] GC(34) User=0.04s Sys=0.00s Real=0.01s
[2026-05-05T08:18:10.667-0400][1111.314s] GC(35) Pause Young (Normal) (G1 Evacuation Pause)
[2026-05-05T08:18:10.667-0400][1111.315s] GC(35) Using 10 workers of 10 for evacuation
[2026-05-05T08:18:10.672-0400][1111.319s] GC(35)   Pre Evacuate Collection Set: 0.09ms
[2026-05-05T08:18:10.672-0400][1111.319s] GC(35)   Merge Heap Roots: 0.03ms
[2026-05-05T08:18:10.672-0400][1111.319s] GC(35)   Evacuate Collection Set: 4.16ms
[2026-05-05T08:18:10.672-0400][1111.319s] GC(35)   Post Evacuate Collection Set: 0.18ms
[2026-05-05T08:18:10.672-0400][1111.319s] GC(35)   Other: 0.05ms
[2026-05-05T08:18:10.672-0400][1111.319s] GC(35) Eden regions: 22->0(22)
[2026-05-05T08:18:10.672-0400][1111.319s] GC(35) Survivor regions: 3->3(4)
[2026-05-05T08:18:10.672-0400][1111.319s] GC(35) Old regions: 11->11
[2026-05-05T08:18:10.672-0400][1111.319s] GC(35) Humongous regions: 0->0
[2026-05-05T08:18:10.672-0400][1111.319s] GC(35) Metaspace: 11474K(11712K)->11474K(11712K) NonClass: 10504K(10624K)->10504K(10624K) Class: 970K(1088K)->970K(1088K)
[2026-05-05T08:18:10.672-0400][1111.319s] GC(35) Pause Young (Normal) (G1 Evacuation Pause) 266M->95M(4096M) 4.743ms
[2026-05-05T08:18:10.672-0400][1111.319s] GC(35) User=0.04s Sys=0.00s Real=0.01s
[2026-05-05T08:18:26.050-0400][1126.697s] GC(36) Pause Young (Normal) (G1 Evacuation Pause)
[2026-05-05T08:18:26.050-0400][1126.697s] GC(36) Using 10 workers of 10 for evacuation
[2026-05-05T08:18:26.055-0400][1126.702s] GC(36)   Pre Evacuate Collection Set: 0.08ms
[2026-05-05T08:18:26.055-0400][1126.702s] GC(36)   Merge Heap Roots: 0.03ms
[2026-05-05T08:18:26.055-0400][1126.702s] GC(36)   Evacuate Collection Set: 4.64ms
[2026-05-05T08:18:26.055-0400][1126.702s] GC(36)   Post Evacuate Collection Set: 0.17ms
[2026-05-05T08:18:26.055-0400][1126.702s] GC(36)   Other: 0.04ms
[2026-05-05T08:18:26.055-0400][1126.702s] GC(36) Eden regions: 22->0(22)
[2026-05-05T08:18:26.055-0400][1126.702s] GC(36) Survivor regions: 3->3(4)
[2026-05-05T08:18:26.055-0400][1126.702s] GC(36) Old regions: 11->11
[2026-05-05T08:18:26.055-0400][1126.702s] GC(36) Humongous regions: 0->0
[2026-05-05T08:18:26.055-0400][1126.702s] GC(36) Metaspace: 11474K(11712K)->11474K(11712K) NonClass: 10504K(10624K)->10504K(10624K) Class: 970K(1088K)->970K(1088K)
[2026-05-05T08:18:26.055-0400][1126.702s] GC(36) Pause Young (Normal) (G1 Evacuation Pause) 271M->100M(4096M) 5.146ms
[2026-05-05T08:18:26.055-0400][1126.702s] GC(36) User=0.05s Sys=0.00s Real=0.00s
[2026-05-05T08:18:52.611-0400][1153.258s] GC(37) Pause Young (Normal) (G1 Evacuation Pause)
[2026-05-05T08:18:52.611-0400][1153.258s] GC(37) Using 10 workers of 10 for evacuation
[2026-05-05T08:18:52.617-0400][1153.264s] GC(37) MMU target violated: 6.0ms (5.0ms/6.0ms)
[2026-05-05T08:18:52.617-0400][1153.264s] GC(37)   Pre Evacuate Collection Set: 0.11ms
[2026-05-05T08:18:52.617-0400][1153.264s] GC(37)   Merge Heap Roots: 0.04ms
[2026-05-05T08:18:52.617-0400][1153.264s] GC(37)   Evacuate Collection Set: 5.78ms
[2026-05-05T08:18:52.617-0400][1153.264s] GC(37)   Post Evacuate Collection Set: 0.21ms
[2026-05-05T08:18:52.617-0400][1153.264s] GC(37)   Other: 0.12ms
[2026-05-05T08:18:52.617-0400][1153.264s] GC(37) Eden regions: 22->0(21)
[2026-05-05T08:18:52.617-0400][1153.264s] GC(37) Survivor regions: 3->4(4)
[2026-05-05T08:18:52.617-0400][1153.264s] GC(37) Old regions: 11->12
[2026-05-05T08:18:52.617-0400][1153.264s] GC(37) Humongous regions: 0->0
[2026-05-05T08:18:52.617-0400][1153.264s] GC(37) Metaspace: 11482K(11712K)->11482K(11712K) NonClass: 10511K(10624K)->10511K(10624K) Class: 970K(1088K)->970K(1088K)
[2026-05-05T08:18:52.617-0400][1153.264s] GC(37) Pause Young (Normal) (G1 Evacuation Pause) 276M->113M(4096M) 6.455ms
[2026-05-05T08:18:52.617-0400][1153.264s] GC(37) User=0.05s Sys=0.00s Real=0.00s
[2026-05-05T08:19:36.362-0400][1197.009s] GC(38) Pause Young (Normal) (G1 Evacuation Pause)
[2026-05-05T08:19:36.362-0400][1197.009s] GC(38) Using 10 workers of 10 for evacuation
[2026-05-05T08:19:36.381-0400][1197.028s] GC(38) MMU target violated: 6.0ms (5.0ms/6.0ms)
[2026-05-05T08:19:36.381-0400][1197.028s] GC(38)   Pre Evacuate Collection Set: 0.30ms
[2026-05-05T08:19:36.381-0400][1197.028s] GC(38)   Merge Heap Roots: 0.05ms
[2026-05-05T08:19:36.381-0400][1197.028s] GC(38)   Evacuate Collection Set: 18.09ms
[2026-05-05T08:19:36.381-0400][1197.028s] GC(38)   Post Evacuate Collection Set: 0.37ms
[2026-05-05T08:19:36.381-0400][1197.029s] GC(38)   Other: 0.19ms
[2026-05-05T08:19:36.381-0400][1197.029s] GC(38) Eden regions: 21->0(22)
[2026-05-05T08:19:36.381-0400][1197.029s] GC(38) Survivor regions: 4->3(4)
[2026-05-05T08:19:36.381-0400][1197.029s] GC(38) Old regions: 12->13
[2026-05-05T08:19:36.382-0400][1197.029s] GC(38) Humongous regions: 0->0
[2026-05-05T08:19:36.382-0400][1197.029s] GC(38) Metaspace: 11487K(11712K)->11487K(11712K) NonClass: 10516K(10624K)->10516K(10624K) Class: 970K(1088K)->970K(1088K)
[2026-05-05T08:19:36.382-0400][1197.029s] GC(38) Pause Young (Normal) (G1 Evacuation Pause) 281M->119M(4096M) 19.330ms
[2026-05-05T08:19:36.382-0400][1197.029s] GC(38) User=0.06s Sys=0.00s Real=0.02s
[2026-05-05T08:19:57.380-0400][1218.027s] GC(39) Pause Young (Normal) (G1 Evacuation Pause)
[2026-05-05T08:19:57.380-0400][1218.027s] GC(39) Using 10 workers of 10 for evacuation
[2026-05-05T08:19:57.389-0400][1218.036s] GC(39) MMU target violated: 6.0ms (5.0ms/6.0ms)
[2026-05-05T08:19:57.389-0400][1218.036s] GC(39)   Pre Evacuate Collection Set: 0.18ms
[2026-05-05T08:19:57.389-0400][1218.036s] GC(39)   Merge Heap Roots: 0.06ms
[2026-05-05T08:19:57.389-0400][1218.036s] GC(39)   Evacuate Collection Set: 8.43ms
[2026-05-05T08:19:57.389-0400][1218.036s] GC(39)   Post Evacuate Collection Set: 0.21ms
[2026-05-05T08:19:57.389-0400][1218.036s] GC(39)   Other: 0.13ms
[2026-05-05T08:19:57.389-0400][1218.036s] GC(39) Eden regions: 22->0(23)
[2026-05-05T08:19:57.389-0400][1218.036s] GC(39) Survivor regions: 3->2(4)
[2026-05-05T08:19:57.389-0400][1218.036s] GC(39) Old regions: 13->15
[2026-05-05T08:19:57.389-0400][1218.036s] GC(39) Humongous regions: 0->0
[2026-05-05T08:19:57.389-0400][1218.036s] GC(39) Metaspace: 11489K(11712K)->11489K(11712K) NonClass: 10518K(10624K)->10518K(10624K) Class: 970K(1088K)->970K(1088K)
[2026-05-05T08:19:57.389-0400][1218.036s] GC(39) Pause Young (Normal) (G1 Evacuation Pause) 295M->122M(4096M) 9.214ms
[2026-05-05T08:19:57.389-0400][1218.036s] GC(39) User=0.03s Sys=0.00s Real=0.00s
[2026-05-05T08:20:37.219-0400][1257.866s] GC(40) Pause Young (Normal) (G1 Evacuation Pause)
[2026-05-05T08:20:37.219-0400][1257.866s] GC(40) Using 10 workers of 10 for evacuation
[2026-05-05T08:20:37.223-0400][1257.870s] GC(40)   Pre Evacuate Collection Set: 0.09ms
[2026-05-05T08:20:37.223-0400][1257.870s] GC(40)   Merge Heap Roots: 0.03ms
[2026-05-05T08:20:37.223-0400][1257.870s] GC(40)   Evacuate Collection Set: 3.34ms
[2026-05-05T08:20:37.223-0400][1257.870s] GC(40)   Post Evacuate Collection Set: 0.18ms
[2026-05-05T08:20:37.223-0400][1257.870s] GC(40)   Other: 0.07ms
[2026-05-05T08:20:37.223-0400][1257.870s] GC(40) Eden regions: 23->0(22)
[2026-05-05T08:20:37.223-0400][1257.870s] GC(40) Survivor regions: 2->3(4)
[2026-05-05T08:20:37.223-0400][1257.870s] GC(40) Old regions: 15->15
[2026-05-05T08:20:37.223-0400][1257.870s] GC(40) Humongous regions: 0->0
[2026-05-05T08:20:37.223-0400][1257.870s] GC(40) Metaspace: 11495K(11712K)->11495K(11712K) NonClass: 10524K(10624K)->10524K(10624K) Class: 970K(1088K)->970K(1088K)
[2026-05-05T08:20:37.223-0400][1257.870s] GC(40) Pause Young (Normal) (G1 Evacuation Pause) 306M->131M(4096M) 3.906ms
[2026-05-05T08:20:37.223-0400][1257.870s] GC(40) User=0.03s Sys=0.00s Real=0.01s
[2026-05-05T08:21:27.173-0400][1307.820s] GC(41) Pause Young (Normal) (G1 Evacuation Pause)
[2026-05-05T08:21:27.173-0400][1307.820s] GC(41) Using 10 workers of 10 for evacuation
[2026-05-05T08:21:27.181-0400][1307.828s] GC(41) MMU target violated: 6.0ms (5.0ms/6.0ms)
[2026-05-05T08:21:27.181-0400][1307.828s] GC(41)   Pre Evacuate Collection Set: 0.16ms
[2026-05-05T08:21:27.181-0400][1307.829s] GC(41)   Merge Heap Roots: 0.08ms
[2026-05-05T08:21:27.181-0400][1307.829s] GC(41)   Evacuate Collection Set: 7.96ms
[2026-05-05T08:21:27.181-0400][1307.829s] GC(41)   Post Evacuate Collection Set: 0.31ms
[2026-05-05T08:21:27.181-0400][1307.829s] GC(41)   Other: 0.12ms
[2026-05-05T08:21:27.182-0400][1307.829s] GC(41) Eden regions: 22->0(22)
[2026-05-05T08:21:27.182-0400][1307.829s] GC(41) Survivor regions: 3->3(4)
[2026-05-05T08:21:27.182-0400][1307.829s] GC(41) Old regions: 15->16
[2026-05-05T08:21:27.182-0400][1307.829s] GC(41) Humongous regions: 0->0
[2026-05-05T08:21:27.182-0400][1307.829s] GC(41) Metaspace: 11498K(11712K)->11498K(11712K) NonClass: 10527K(10624K)->10527K(10624K) Class: 970K(1088K)->970K(1088K)
[2026-05-05T08:21:27.182-0400][1307.829s] GC(41) Pause Young (Normal) (G1 Evacuation Pause) 307M->139M(4096M) 8.839ms
[2026-05-05T08:21:27.182-0400][1307.829s] GC(41) User=0.05s Sys=0.00s Real=0.01s
[2026-05-05T08:22:14.397-0400][1355.044s] GC(42) Pause Young (Normal) (G1 Evacuation Pause)
[2026-05-05T08:22:14.397-0400][1355.044s] GC(42) Using 10 workers of 10 for evacuation
[2026-05-05T08:22:14.403-0400][1355.050s] GC(42) MMU target violated: 5.6ms (5.0ms/6.0ms)
[2026-05-05T08:22:14.403-0400][1355.050s] GC(42)   Pre Evacuate Collection Set: 0.08ms
[2026-05-05T08:22:14.403-0400][1355.050s] GC(42)   Merge Heap Roots: 0.02ms
[2026-05-05T08:22:14.403-0400][1355.050s] GC(42)   Evacuate Collection Set: 5.30ms
[2026-05-05T08:22:14.403-0400][1355.050s] GC(42)   Post Evacuate Collection Set: 0.20ms
[2026-05-05T08:22:14.403-0400][1355.050s] GC(42)   Other: 0.10ms
[2026-05-05T08:22:14.403-0400][1355.050s] GC(42) Eden regions: 22->0(23)
[2026-05-05T08:22:14.403-0400][1355.050s] GC(42) Survivor regions: 3->2(4)
[2026-05-05T08:22:14.403-0400][1355.050s] GC(42) Old regions: 16->18
[2026-05-05T08:22:14.403-0400][1355.050s] GC(42) Humongous regions: 0->0
[2026-05-05T08:22:14.403-0400][1355.050s] GC(42) Metaspace: 11500K(11712K)->11500K(11712K) NonClass: 10529K(10624K)->10529K(10624K) Class: 970K(1088K)->970K(1088K)
[2026-05-05T08:22:14.403-0400][1355.050s] GC(42) Pause Young (Normal) (G1 Evacuation Pause) 315M->148M(4096M) 5.883ms
[2026-05-05T08:22:14.403-0400][1355.050s] GC(42) User=0.04s Sys=0.00s Real=0.01s
[2026-05-05T08:23:01.821-0400][1402.468s] GC(43) Pause Young (Normal) (G1 Evacuation Pause)
[2026-05-05T08:23:01.821-0400][1402.468s] GC(43) Using 10 workers of 10 for evacuation
[2026-05-05T08:23:01.826-0400][1402.473s] GC(43) MMU target violated: 5.3ms (5.0ms/6.0ms)
[2026-05-05T08:23:01.826-0400][1402.473s] GC(43)   Pre Evacuate Collection Set: 0.10ms
[2026-05-05T08:23:01.826-0400][1402.473s] GC(43)   Merge Heap Roots: 0.03ms
[2026-05-05T08:23:01.826-0400][1402.473s] GC(43)   Evacuate Collection Set: 4.99ms
[2026-05-05T08:23:01.826-0400][1402.473s] GC(43)   Post Evacuate Collection Set: 0.18ms
[2026-05-05T08:23:01.826-0400][1402.473s] GC(43)   Other: 0.11ms
[2026-05-05T08:23:01.826-0400][1402.473s] GC(43) Eden regions: 23->0(21)
[2026-05-05T08:23:01.826-0400][1402.473s] GC(43) Survivor regions: 2->4(4)
[2026-05-05T08:23:01.826-0400][1402.473s] GC(43) Old regions: 18->18
[2026-05-05T08:23:01.826-0400][1402.473s] GC(43) Humongous regions: 0->0
[2026-05-05T08:23:01.826-0400][1402.473s] GC(43) Metaspace: 11510K(11712K)->11510K(11712K) NonClass: 10539K(10624K)->10539K(10624K) Class: 970K(1088K)->970K(1088K)
[2026-05-05T08:23:01.826-0400][1402.473s] GC(43) Pause Young (Normal) (G1 Evacuation Pause) 332M->159M(4096M) 5.605ms
[2026-05-05T08:23:01.826-0400][1402.473s] GC(43) User=0.04s Sys=0.00s Real=0.00s
[2026-05-05T08:23:44.303-0400][1444.950s] GC(44) Pause Young (Normal) (G1 Evacuation Pause)
[2026-05-05T08:23:44.303-0400][1444.950s] GC(44) Using 10 workers of 10 for evacuation
[2026-05-05T08:23:44.309-0400][1444.956s] GC(44) MMU target violated: 6.0ms (5.0ms/6.0ms)
[2026-05-05T08:23:44.309-0400][1444.956s] GC(44)   Pre Evacuate Collection Set: 0.10ms
[2026-05-05T08:23:44.309-0400][1444.956s] GC(44)   Merge Heap Roots: 0.04ms
[2026-05-05T08:23:44.309-0400][1444.956s] GC(44)   Evacuate Collection Set: 5.71ms
[2026-05-05T08:23:44.309-0400][1444.956s] GC(44)   Post Evacuate Collection Set: 0.18ms
[2026-05-05T08:23:44.309-0400][1444.956s] GC(44)   Other: 0.11ms
[2026-05-05T08:23:44.309-0400][1444.957s] GC(44) Eden regions: 21->0(22)
[2026-05-05T08:23:44.309-0400][1444.957s] GC(44) Survivor regions: 4->3(4)
[2026-05-05T08:23:44.309-0400][1444.957s] GC(44) Old regions: 18->20
[2026-05-05T08:23:44.309-0400][1444.957s] GC(44) Humongous regions: 0->0
[2026-05-05T08:23:44.309-0400][1444.957s] GC(44) Metaspace: 11511K(11712K)->11511K(11712K) NonClass: 10540K(10624K)->10540K(10624K) Class: 970K(1088K)->970K(1088K)
[2026-05-05T08:23:44.310-0400][1444.957s] GC(44) Pause Young (Normal) (G1 Evacuation Pause) 327M->166M(4096M) 6.308ms
[2026-05-05T08:23:44.310-0400][1444.957s] GC(44) User=0.05s Sys=0.00s Real=0.01s
[2026-05-05T08:24:15.551-0400][1476.198s] GC(45) Pause Young (Normal) (G1 Evacuation Pause)
[2026-05-05T08:24:15.551-0400][1476.198s] GC(45) Using 10 workers of 10 for evacuation
[2026-05-05T08:24:15.557-0400][1476.204s] GC(45) MMU target violated: 5.9ms (5.0ms/6.0ms)
[2026-05-05T08:24:15.557-0400][1476.204s] GC(45)   Pre Evacuate Collection Set: 0.15ms
[2026-05-05T08:24:15.557-0400][1476.204s] GC(45)   Merge Heap Roots: 0.04ms
[2026-05-05T08:24:15.557-0400][1476.204s] GC(45)   Evacuate Collection Set: 5.44ms
[2026-05-05T08:24:15.557-0400][1476.204s] GC(45)   Post Evacuate Collection Set: 0.27ms
[2026-05-05T08:24:15.557-0400][1476.204s] GC(45)   Other: 0.14ms
[2026-05-05T08:24:15.557-0400][1476.204s] GC(45) Eden regions: 22->0(27)
[2026-05-05T08:24:15.557-0400][1476.204s] GC(45) Survivor regions: 3->2(4)
[2026-05-05T08:24:15.557-0400][1476.204s] GC(45) Old regions: 20->21
[2026-05-05T08:24:15.557-0400][1476.204s] GC(45) Humongous regions: 0->0
[2026-05-05T08:24:15.557-0400][1476.204s] GC(45) Metaspace: 11517K(11776K)->11517K(11776K) NonClass: 10546K(10688K)->10546K(10688K) Class: 970K(1088K)->970K(1088K)
[2026-05-05T08:24:15.557-0400][1476.204s] GC(45) Pause Young (Normal) (G1 Evacuation Pause) 342M->171M(4096M) 6.653ms
[2026-05-05T08:24:15.557-0400][1476.204s] GC(45) User=0.04s Sys=0.00s Real=0.00s
[2026-05-05T08:24:59.471-0400][1520.118s] GC(46) Pause Young (Normal) (G1 Evacuation Pause)
[2026-05-05T08:24:59.471-0400][1520.118s] GC(46) Using 10 workers of 10 for evacuation
[2026-05-05T08:24:59.475-0400][1520.122s] GC(46)   Pre Evacuate Collection Set: 0.08ms
[2026-05-05T08:24:59.475-0400][1520.122s] GC(46)   Merge Heap Roots: 0.06ms
[2026-05-05T08:24:59.475-0400][1520.122s] GC(46)   Evacuate Collection Set: 3.65ms
[2026-05-05T08:24:59.475-0400][1520.122s] GC(46)   Post Evacuate Collection Set: 0.19ms
[2026-05-05T08:24:59.475-0400][1520.122s] GC(46)   Other: 0.07ms
[2026-05-05T08:24:59.475-0400][1520.122s] GC(46) Eden regions: 27->0(22)
[2026-05-05T08:24:59.475-0400][1520.122s] GC(46) Survivor regions: 2->3(4)
[2026-05-05T08:24:59.475-0400][1520.122s] GC(46) Old regions: 21->21
[2026-05-05T08:24:59.475-0400][1520.122s] GC(46) Humongous regions: 0->0
[2026-05-05T08:24:59.475-0400][1520.122s] GC(46) Metaspace: 11568K(11776K)->11568K(11776K) NonClass: 10597K(10688K)->10597K(10688K) Class: 970K(1088K)->970K(1088K)
[2026-05-05T08:24:59.475-0400][1520.122s] GC(46) Pause Young (Normal) (G1 Evacuation Pause) 387M->181M(4096M) 4.266ms
[2026-05-05T08:24:59.475-0400][1520.122s] GC(46) User=0.03s Sys=0.01s Real=0.00s
[2026-05-05T08:25:53.273-0400][1573.920s] GC(47) Pause Young (Normal) (G1 Evacuation Pause)
[2026-05-05T08:25:53.273-0400][1573.920s] GC(47) Using 10 workers of 10 for evacuation
[2026-05-05T08:25:53.279-0400][1573.926s] GC(47) MMU target violated: 6.0ms (5.0ms/6.0ms)
[2026-05-05T08:25:53.279-0400][1573.926s] GC(47)   Pre Evacuate Collection Set: 0.11ms
[2026-05-05T08:25:53.279-0400][1573.926s] GC(47)   Merge Heap Roots: 0.03ms
[2026-05-05T08:25:53.279-0400][1573.926s] GC(47)   Evacuate Collection Set: 5.92ms
[2026-05-05T08:25:53.279-0400][1573.926s] GC(47)   Post Evacuate Collection Set: 0.17ms
[2026-05-05T08:25:53.279-0400][1573.926s] GC(47)   Other: 0.09ms
[2026-05-05T08:25:53.279-0400][1573.926s] GC(47) Eden regions: 22->0(22)
[2026-05-05T08:25:53.279-0400][1573.926s] GC(47) Survivor regions: 3->3(4)
[2026-05-05T08:25:53.279-0400][1573.926s] GC(47) Old regions: 21->22
[2026-05-05T08:25:53.279-0400][1573.926s] GC(47) Humongous regions: 0->0
[2026-05-05T08:25:53.279-0400][1573.926s] GC(47) Metaspace: 11588K(11840K)->11588K(11840K) NonClass: 10617K(10752K)->10617K(10752K) Class: 970K(1088K)->970K(1088K)
[2026-05-05T08:25:53.279-0400][1573.926s] GC(47) Pause Young (Normal) (G1 Evacuation Pause) 357M->190M(4096M) 6.479ms
[2026-05-05T08:25:53.279-0400][1573.926s] GC(47) User=0.05s Sys=0.00s Real=0.01s
[2026-05-05T08:26:15.154-0400][1595.801s] GC(48) Pause Young (Normal) (G1 Evacuation Pause)
[2026-05-05T08:26:15.154-0400][1595.801s] GC(48) Using 10 workers of 10 for evacuation
[2026-05-05T08:26:15.162-0400][1595.810s] GC(48) MMU target violated: 6.0ms (5.0ms/6.0ms)
[2026-05-05T08:26:15.163-0400][1595.810s] GC(48)   Pre Evacuate Collection Set: 0.17ms
[2026-05-05T08:26:15.163-0400][1595.810s] GC(48)   Merge Heap Roots: 0.04ms
[2026-05-05T08:26:15.163-0400][1595.810s] GC(48)   Evacuate Collection Set: 8.03ms
[2026-05-05T08:26:15.163-0400][1595.810s] GC(48)   Post Evacuate Collection Set: 0.26ms
[2026-05-05T08:26:15.163-0400][1595.810s] GC(48)   Other: 0.14ms
[2026-05-05T08:26:15.163-0400][1595.810s] GC(48) Eden regions: 22->0(23)
[2026-05-05T08:26:15.163-0400][1595.810s] GC(48) Survivor regions: 3->2(4)
[2026-05-05T08:26:15.163-0400][1595.810s] GC(48) Old regions: 22->24
[2026-05-05T08:26:15.163-0400][1595.810s] GC(48) Humongous regions: 0->0
[2026-05-05T08:26:15.163-0400][1595.810s] GC(48) Metaspace: 11606K(11840K)->11606K(11840K) NonClass: 10635K(10752K)->10635K(10752K) Class: 970K(1088K)->970K(1088K)
[2026-05-05T08:26:15.163-0400][1595.810s] GC(48) Pause Young (Normal) (G1 Evacuation Pause) 366M->197M(4096M) 8.874ms
[2026-05-05T08:26:15.163-0400][1595.810s] GC(48) User=0.04s Sys=0.00s Real=0.01s
[2026-05-05T08:26:39.838-0400][1620.485s] GC(49) Pause Young (Normal) (G1 Evacuation Pause)
[2026-05-05T08:26:39.838-0400][1620.485s] GC(49) Using 10 workers of 10 for evacuation
[2026-05-05T08:26:39.844-0400][1620.491s] GC(49) MMU target violated: 5.6ms (5.0ms/6.0ms)
[2026-05-05T08:26:39.844-0400][1620.491s] GC(49)   Pre Evacuate Collection Set: 0.16ms
[2026-05-05T08:26:39.844-0400][1620.491s] GC(49)   Merge Heap Roots: 0.04ms
[2026-05-05T08:26:39.844-0400][1620.491s] GC(49)   Evacuate Collection Set: 4.99ms
[2026-05-05T08:26:39.844-0400][1620.491s] GC(49)   Post Evacuate Collection Set: 0.35ms
[2026-05-05T08:26:39.844-0400][1620.491s] GC(49)   Other: 0.13ms
[2026-05-05T08:26:39.844-0400][1620.491s] GC(49) Eden regions: 23->0(21)
[2026-05-05T08:26:39.844-0400][1620.491s] GC(49) Survivor regions: 2->4(4)
[2026-05-05T08:26:39.844-0400][1620.491s] GC(49) Old regions: 24->24
[2026-05-05T08:26:39.844-0400][1620.491s] GC(49) Humongous regions: 0->0
[2026-05-05T08:26:39.844-0400][1620.491s] GC(49) Metaspace: 11615K(11840K)->11615K(11840K) NonClass: 10644K(10752K)->10644K(10752K) Class: 970K(1088K)->970K(1088K)
[2026-05-05T08:26:39.844-0400][1620.491s] GC(49) Pause Young (Normal) (G1 Evacuation Pause) 381M->209M(4096M) 5.905ms
[2026-05-05T08:26:39.844-0400][1620.491s] GC(49) User=0.04s Sys=0.01s Real=0.01s
[2026-05-05T08:27:22.843-0400][1663.490s] GC(50) Pause Young (Normal) (G1 Evacuation Pause)
[2026-05-05T08:27:22.843-0400][1663.490s] GC(50) Using 10 workers of 10 for evacuation
[2026-05-05T08:27:22.850-0400][1663.497s] GC(50) MMU target violated: 6.0ms (5.0ms/6.0ms)
[2026-05-05T08:27:22.850-0400][1663.497s] GC(50)   Pre Evacuate Collection Set: 0.09ms
[2026-05-05T08:27:22.850-0400][1663.497s] GC(50)   Merge Heap Roots: 0.03ms
[2026-05-05T08:27:22.850-0400][1663.497s] GC(50)   Evacuate Collection Set: 6.34ms
[2026-05-05T08:27:22.850-0400][1663.497s] GC(50)   Post Evacuate Collection Set: 0.23ms
[2026-05-05T08:27:22.850-0400][1663.497s] GC(50)   Other: 0.10ms
[2026-05-05T08:27:22.850-0400][1663.497s] GC(50) Eden regions: 21->0(22)
[2026-05-05T08:27:22.850-0400][1663.497s] GC(50) Survivor regions: 4->3(4)
[2026-05-05T08:27:22.850-0400][1663.497s] GC(50) Old regions: 24->26
[2026-05-05T08:27:22.850-0400][1663.497s] GC(50) Humongous regions: 0->0
[2026-05-05T08:27:22.850-0400][1663.497s] GC(50) Metaspace: 11615K(11840K)->11615K(11840K) NonClass: 10644K(10752K)->10644K(10752K) Class: 970K(1088K)->970K(1088K)
[2026-05-05T08:27:22.850-0400][1663.497s] GC(50) Pause Young (Normal) (G1 Evacuation Pause) 377M->216M(4096M) 6.934ms
[2026-05-05T08:27:22.850-0400][1663.497s] GC(50) User=0.05s Sys=0.00s Real=0.01s
[2026-05-05T08:27:58.464-0400][1699.111s] GC(51) Pause Young (Normal) (G1 Evacuation Pause)
[2026-05-05T08:27:58.464-0400][1699.111s] GC(51) Using 10 workers of 10 for evacuation
[2026-05-05T08:27:58.468-0400][1699.115s] GC(51)   Pre Evacuate Collection Set: 0.08ms
[2026-05-05T08:27:58.468-0400][1699.115s] GC(51)   Merge Heap Roots: 0.03ms
[2026-05-05T08:27:58.468-0400][1699.115s] GC(51)   Evacuate Collection Set: 3.95ms
[2026-05-05T08:27:58.468-0400][1699.115s] GC(51)   Post Evacuate Collection Set: 0.18ms
[2026-05-05T08:27:58.468-0400][1699.115s] GC(51)   Other: 0.06ms
[2026-05-05T08:27:58.468-0400][1699.115s] GC(51) Eden regions: 22->0(28)
[2026-05-05T08:27:58.468-0400][1699.115s] GC(51) Survivor regions: 3->2(4)
[2026-05-05T08:27:58.468-0400][1699.115s] GC(51) Old regions: 26->27
[2026-05-05T08:27:58.468-0400][1699.115s] GC(51) Humongous regions: 0->0
[2026-05-05T08:27:58.468-0400][1699.115s] GC(51) Metaspace: 11615K(11840K)->11615K(11840K) NonClass: 10644K(10752K)->10644K(10752K) Class: 970K(1088K)->970K(1088K)
[2026-05-05T08:27:58.468-0400][1699.116s] GC(51) Pause Young (Normal) (G1 Evacuation Pause) 392M->222M(4096M) 4.525ms
[2026-05-05T08:27:58.468-0400][1699.116s] GC(51) User=0.04s Sys=0.00s Real=0.00s
[2026-05-05T08:28:24.559-0400][1725.206s] GC(52) Pause Young (Normal) (G1 Evacuation Pause)
[2026-05-05T08:28:24.559-0400][1725.206s] GC(52) Using 10 workers of 10 for evacuation
[2026-05-05T08:28:24.565-0400][1725.212s] GC(52) MMU target violated: 5.5ms (5.0ms/6.0ms)
[2026-05-05T08:28:24.565-0400][1725.212s] GC(52)   Pre Evacuate Collection Set: 0.11ms
[2026-05-05T08:28:24.565-0400][1725.212s] GC(52)   Merge Heap Roots: 0.03ms
[2026-05-05T08:28:24.565-0400][1725.212s] GC(52)   Evacuate Collection Set: 5.08ms
[2026-05-05T08:28:24.565-0400][1725.212s] GC(52)   Post Evacuate Collection Set: 0.22ms
[2026-05-05T08:28:24.565-0400][1725.212s] GC(52)   Other: 0.14ms
[2026-05-05T08:28:24.565-0400][1725.212s] GC(52) Eden regions: 29->0(21)
[2026-05-05T08:28:24.565-0400][1725.212s] GC(52) Survivor regions: 2->4(4)
[2026-05-05T08:28:24.565-0400][1725.212s] GC(52) Old regions: 27->27
[2026-05-05T08:28:24.565-0400][1725.212s] GC(52) Humongous regions: 0->0
[2026-05-05T08:28:24.565-0400][1725.212s] GC(52) Metaspace: 11619K(11840K)->11619K(11840K) NonClass: 10648K(10752K)->10648K(10752K) Class: 970K(1088K)->970K(1088K)
[2026-05-05T08:28:24.565-0400][1725.212s] GC(52) Pause Young (Normal) (G1 Evacuation Pause) 454M->234M(4096M) 5.801ms
[2026-05-05T08:28:24.565-0400][1725.212s] GC(52) User=0.04s Sys=0.00s Real=0.01s
[2026-05-05T08:29:09.866-0400][1770.514s] GC(53) Pause Young (Normal) (G1 Evacuation Pause)
[2026-05-05T08:29:09.867-0400][1770.514s] GC(53) Using 10 workers of 10 for evacuation
[2026-05-05T08:29:09.873-0400][1770.520s] GC(53) MMU target violated: 6.0ms (5.0ms/6.0ms)
[2026-05-05T08:29:09.873-0400][1770.520s] GC(53)   Pre Evacuate Collection Set: 0.09ms
[2026-05-05T08:29:09.873-0400][1770.520s] GC(53)   Merge Heap Roots: 0.02ms
[2026-05-05T08:29:09.873-0400][1770.520s] GC(53)   Evacuate Collection Set: 5.75ms
[2026-05-05T08:29:09.873-0400][1770.520s] GC(53)   Post Evacuate Collection Set: 0.16ms
[2026-05-05T08:29:09.873-0400][1770.520s] GC(53)   Other: 0.12ms
[2026-05-05T08:29:09.873-0400][1770.520s] GC(53) Eden regions: 21->0(22)
[2026-05-05T08:29:09.873-0400][1770.520s] GC(53) Survivor regions: 4->3(4)
[2026-05-05T08:29:09.873-0400][1770.520s] GC(53) Old regions: 27->29
[2026-05-05T08:29:09.873-0400][1770.520s] GC(53) Humongous regions: 0->0
[2026-05-05T08:29:09.873-0400][1770.520s] GC(53) Metaspace: 11619K(11840K)->11619K(11840K) NonClass: 10648K(10752K)->10648K(10752K) Class: 970K(1088K)->970K(1088K)
[2026-05-05T08:29:09.873-0400][1770.520s] GC(53) Pause Young (Normal) (G1 Evacuation Pause) 402M->242M(4096M) 6.266ms
[2026-05-05T08:29:09.873-0400][1770.520s] GC(53) User=0.05s Sys=0.00s Real=0.01s
[2026-05-05T08:29:44.975-0400][1805.622s] GC(54) Pause Young (Normal) (G1 Evacuation Pause)
[2026-05-05T08:29:44.975-0400][1805.622s] GC(54) Using 10 workers of 10 for evacuation
[2026-05-05T08:29:44.982-0400][1805.629s] GC(54) MMU target violated: 6.0ms (5.0ms/6.0ms)
[2026-05-05T08:29:44.983-0400][1805.630s] GC(54)   Pre Evacuate Collection Set: 0.19ms
[2026-05-05T08:29:44.983-0400][1805.630s] GC(54)   Merge Heap Roots: 0.06ms
[2026-05-05T08:29:44.983-0400][1805.630s] GC(54)   Evacuate Collection Set: 7.01ms
[2026-05-05T08:29:44.983-0400][1805.630s] GC(54)   Post Evacuate Collection Set: 0.29ms
[2026-05-05T08:29:44.983-0400][1805.630s] GC(54)   Other: 0.13ms
[2026-05-05T08:29:44.983-0400][1805.630s] GC(54) Eden regions: 22->0(31)
[2026-05-05T08:29:44.983-0400][1805.630s] GC(54) Survivor regions: 3->2(4)
[2026-05-05T08:29:44.983-0400][1805.630s] GC(54) Old regions: 29->31
[2026-05-05T08:29:44.983-0400][1805.630s] GC(54) Humongous regions: 0->0
[2026-05-05T08:29:44.983-0400][1805.630s] GC(54) Metaspace: 11626K(11840K)->11626K(11840K) NonClass: 10655K(10752K)->10655K(10752K) Class: 970K(1088K)->970K(1088K)
[2026-05-05T08:29:44.983-0400][1805.630s] GC(54) Pause Young (Normal) (G1 Evacuation Pause) 418M->248M(4096M) 7.959ms
[2026-05-05T08:29:44.983-0400][1805.630s] GC(54) User=0.04s Sys=0.00s Real=0.01s
[2026-05-05T08:30:06.174-0400][1826.821s] GC(55) Pause Young (Normal) (G1 Evacuation Pause)
[2026-05-05T08:30:06.174-0400][1826.822s] GC(55) Using 10 workers of 10 for evacuation
[2026-05-05T08:30:06.179-0400][1826.826s] GC(55)   Pre Evacuate Collection Set: 0.09ms
[2026-05-05T08:30:06.179-0400][1826.826s] GC(55)   Merge Heap Roots: 0.03ms
[2026-05-05T08:30:06.179-0400][1826.826s] GC(55)   Evacuate Collection Set: 4.34ms
[2026-05-05T08:30:06.179-0400][1826.826s] GC(55)   Post Evacuate Collection Set: 0.28ms
[2026-05-05T08:30:06.179-0400][1826.826s] GC(55)   Other: 0.05ms
[2026-05-05T08:30:06.179-0400][1826.826s] GC(55) Eden regions: 31->0(21)
[2026-05-05T08:30:06.179-0400][1826.826s] GC(55) Survivor regions: 2->4(5)
[2026-05-05T08:30:06.179-0400][1826.826s] GC(55) Old regions: 31->31
[2026-05-05T08:30:06.179-0400][1826.826s] GC(55) Humongous regions: 0->0
[2026-05-05T08:30:06.179-0400][1826.826s] GC(55) Metaspace: 11644K(11840K)->11644K(11840K) NonClass: 10673K(10752K)->10673K(10752K) Class: 970K(1088K)->970K(1088K)
[2026-05-05T08:30:06.179-0400][1826.827s] GC(55) Pause Young (Normal) (G1 Evacuation Pause) 496M->261M(4096M) 5.026ms
[2026-05-05T08:30:06.179-0400][1826.827s] GC(55) User=0.04s Sys=0.00s Real=0.01s
[2026-05-05T08:30:50.539-0400][1871.187s] GC(56) Pause Young (Normal) (G1 Evacuation Pause)
[2026-05-05T08:30:50.540-0400][1871.187s] GC(56) Using 10 workers of 10 for evacuation
[2026-05-05T08:30:50.545-0400][1871.192s] GC(56) MMU target violated: 5.6ms (5.0ms/6.0ms)
[2026-05-05T08:30:50.545-0400][1871.192s] GC(56)   Pre Evacuate Collection Set: 0.09ms
[2026-05-05T08:30:50.545-0400][1871.192s] GC(56)   Merge Heap Roots: 0.02ms
[2026-05-05T08:30:50.545-0400][1871.192s] GC(56)   Evacuate Collection Set: 5.24ms
[2026-05-05T08:30:50.545-0400][1871.192s] GC(56)   Post Evacuate Collection Set: 0.19ms
[2026-05-05T08:30:50.545-0400][1871.192s] GC(56)   Other: 0.09ms
[2026-05-05T08:30:50.545-0400][1871.192s] GC(56) Eden regions: 21->0(22)
[2026-05-05T08:30:50.545-0400][1871.192s] GC(56) Survivor regions: 4->3(4)
[2026-05-05T08:30:50.545-0400][1871.192s] GC(56) Old regions: 31->32
[2026-05-05T08:30:50.545-0400][1871.192s] GC(56) Humongous regions: 0->0
[2026-05-05T08:30:50.545-0400][1871.192s] GC(56) Metaspace: 11644K(11840K)->11644K(11840K) NonClass: 10673K(10752K)->10673K(10752K) Class: 970K(1088K)->970K(1088K)
[2026-05-05T08:30:50.545-0400][1871.192s] GC(56) Pause Young (Normal) (G1 Evacuation Pause) 429M->268M(4096M) 5.774ms
[2026-05-05T08:30:50.545-0400][1871.192s] GC(56) User=0.05s Sys=0.00s Real=0.00s
[2026-05-05T08:31:35.607-0400][1916.254s] GC(57) Pause Young (Normal) (G1 Evacuation Pause)
[2026-05-05T08:31:35.607-0400][1916.254s] GC(57) Using 10 workers of 10 for evacuation
[2026-05-05T08:31:35.614-0400][1916.261s] GC(57) MMU target violated: 6.0ms (5.0ms/6.0ms)
[2026-05-05T08:31:35.614-0400][1916.261s] GC(57)   Pre Evacuate Collection Set: 0.12ms
[2026-05-05T08:31:35.614-0400][1916.261s] GC(57)   Merge Heap Roots: 0.04ms
[2026-05-05T08:31:35.614-0400][1916.261s] GC(57)   Evacuate Collection Set: 7.28ms
[2026-05-05T08:31:35.614-0400][1916.261s] GC(57)   Post Evacuate Collection Set: 0.20ms
[2026-05-05T08:31:35.614-0400][1916.262s] GC(57)   Other: 0.13ms
[2026-05-05T08:31:35.614-0400][1916.262s] GC(57) Eden regions: 22->0(26)
[2026-05-05T08:31:35.614-0400][1916.262s] GC(57) Survivor regions: 3->2(4)
[2026-05-05T08:31:35.614-0400][1916.262s] GC(57) Old regions: 32->34
[2026-05-05T08:31:35.615-0400][1916.262s] GC(57) Humongous regions: 0->0
[2026-05-05T08:31:35.615-0400][1916.262s] GC(57) Metaspace: 11644K(11840K)->11644K(11840K) NonClass: 10673K(10752K)->10673K(10752K) Class: 970K(1088K)->970K(1088K)
[2026-05-05T08:31:35.615-0400][1916.262s] GC(57) Pause Young (Normal) (G1 Evacuation Pause) 444M->276M(4096M) 7.956ms
[2026-05-05T08:31:35.615-0400][1916.262s] GC(57) User=0.05s Sys=0.00s Real=0.01s
[2026-05-05T08:32:31.839-0400][1972.486s] GC(58) Pause Young (Normal) (G1 Evacuation Pause)
[2026-05-05T08:32:31.839-0400][1972.486s] GC(58) Using 10 workers of 10 for evacuation
[2026-05-05T08:32:31.845-0400][1972.492s] GC(58) MMU target violated: 5.6ms (5.0ms/6.0ms)
[2026-05-05T08:32:31.845-0400][1972.492s] GC(58)   Pre Evacuate Collection Set: 0.11ms
[2026-05-05T08:32:31.845-0400][1972.492s] GC(58)   Merge Heap Roots: 0.03ms
[2026-05-05T08:32:31.845-0400][1972.492s] GC(58)   Evacuate Collection Set: 5.23ms
[2026-05-05T08:32:31.845-0400][1972.492s] GC(58)   Post Evacuate Collection Set: 0.18ms
[2026-05-05T08:32:31.845-0400][1972.492s] GC(58)   Other: 0.11ms
[2026-05-05T08:32:31.845-0400][1972.492s] GC(58) Eden regions: 26->0(22)
[2026-05-05T08:32:31.845-0400][1972.492s] GC(58) Survivor regions: 2->3(4)
[2026-05-05T08:32:31.845-0400][1972.492s] GC(58) Old regions: 34->34
[2026-05-05T08:32:31.845-0400][1972.492s] GC(58) Humongous regions: 0->0
[2026-05-05T08:32:31.845-0400][1972.492s] GC(58) Metaspace: 11651K(11840K)->11651K(11840K) NonClass: 10680K(10752K)->10680K(10752K) Class: 970K(1088K)->970K(1088K)
[2026-05-05T08:32:31.845-0400][1972.492s] GC(58) Pause Young (Normal) (G1 Evacuation Pause) 484M->285M(4096M) 5.872ms
[2026-05-05T08:32:31.845-0400][1972.492s] GC(58) User=0.04s Sys=0.00s Real=0.00s
[2026-05-05T08:33:18.361-0400][2019.008s] GC(59) Pause Young (Normal) (G1 Evacuation Pause)
[2026-05-05T08:33:18.361-0400][2019.008s] GC(59) Using 10 workers of 10 for evacuation
[2026-05-05T08:33:18.368-0400][2019.015s] GC(59) MMU target violated: 6.0ms (5.0ms/6.0ms)
[2026-05-05T08:33:18.368-0400][2019.015s] GC(59)   Pre Evacuate Collection Set: 0.11ms
[2026-05-05T08:33:18.368-0400][2019.015s] GC(59)   Merge Heap Roots: 0.04ms
[2026-05-05T08:33:18.368-0400][2019.015s] GC(59)   Evacuate Collection Set: 6.64ms
[2026-05-05T08:33:18.368-0400][2019.015s] GC(59)   Post Evacuate Collection Set: 0.18ms
[2026-05-05T08:33:18.368-0400][2019.015s] GC(59)   Other: 0.09ms
[2026-05-05T08:33:18.368-0400][2019.015s] GC(59) Eden regions: 22->0(22)
[2026-05-05T08:33:18.368-0400][2019.015s] GC(59) Survivor regions: 3->3(4)
[2026-05-05T08:33:18.368-0400][2019.015s] GC(59) Old regions: 34->35
[2026-05-05T08:33:18.368-0400][2019.015s] GC(59) Humongous regions: 0->0
[2026-05-05T08:33:18.368-0400][2019.015s] GC(59) Metaspace: 11652K(11904K)->11652K(11904K) NonClass: 10681K(10816K)->10681K(10816K) Class: 970K(1088K)->970K(1088K)
[2026-05-05T08:33:18.368-0400][2019.015s] GC(59) Pause Young (Normal) (G1 Evacuation Pause) 461M->292M(4096M) 7.218ms
[2026-05-05T08:33:18.368-0400][2019.015s] GC(59) User=0.06s Sys=0.00s Real=0.00s
[2026-05-05T08:34:04.902-0400][2065.549s] GC(60) Pause Young (Normal) (G1 Evacuation Pause)
[2026-05-05T08:34:04.902-0400][2065.549s] GC(60) Using 10 workers of 10 for evacuation
[2026-05-05T08:34:04.908-0400][2065.555s] GC(60) MMU target violated: 6.0ms (5.0ms/6.0ms)
[2026-05-05T08:34:04.908-0400][2065.555s] GC(60)   Pre Evacuate Collection Set: 0.10ms
[2026-05-05T08:34:04.908-0400][2065.555s] GC(60)   Merge Heap Roots: 0.03ms
[2026-05-05T08:34:04.908-0400][2065.555s] GC(60)   Evacuate Collection Set: 5.80ms
[2026-05-05T08:34:04.908-0400][2065.555s] GC(60)   Post Evacuate Collection Set: 0.28ms
[2026-05-05T08:34:04.908-0400][2065.555s] GC(60)   Other: 0.11ms
[2026-05-05T08:34:04.908-0400][2065.555s] GC(60) Eden regions: 22->0(22)
[2026-05-05T08:34:04.908-0400][2065.555s] GC(60) Survivor regions: 3->3(4)
[2026-05-05T08:34:04.908-0400][2065.555s] GC(60) Old regions: 35->36
[2026-05-05T08:34:04.908-0400][2065.555s] GC(60) Humongous regions: 0->0
[2026-05-05T08:34:04.908-0400][2065.555s] GC(60) Metaspace: 11652K(11904K)->11652K(11904K) NonClass: 10681K(10816K)->10681K(10816K) Class: 970K(1088K)->970K(1088K)
[2026-05-05T08:34:04.908-0400][2065.555s] GC(60) Pause Young (Normal) (G1 Evacuation Pause) 468M->300M(4096M) 6.486ms
[2026-05-05T08:34:04.908-0400][2065.555s] GC(60) User=0.06s Sys=0.00s Real=0.00s
[2026-05-05T08:34:47.827-0400][2108.474s] GC(61) Pause Young (Normal) (G1 Evacuation Pause)
[2026-05-05T08:34:47.827-0400][2108.474s] GC(61) Using 10 workers of 10 for evacuation
[2026-05-05T08:34:47.833-0400][2108.480s] GC(61) MMU target violated: 5.7ms (5.0ms/6.0ms)
[2026-05-05T08:34:47.833-0400][2108.480s] GC(61)   Pre Evacuate Collection Set: 0.08ms
[2026-05-05T08:34:47.833-0400][2108.480s] GC(61)   Merge Heap Roots: 0.03ms
[2026-05-05T08:34:47.833-0400][2108.480s] GC(61)   Evacuate Collection Set: 5.40ms
[2026-05-05T08:34:47.833-0400][2108.480s] GC(61)   Post Evacuate Collection Set: 0.17ms
[2026-05-05T08:34:47.833-0400][2108.480s] GC(61)   Other: 0.10ms
[2026-05-05T08:34:47.833-0400][2108.480s] GC(61) Eden regions: 22->0(22)
[2026-05-05T08:34:47.833-0400][2108.480s] GC(61) Survivor regions: 3->3(4)
[2026-05-05T08:34:47.833-0400][2108.480s] GC(61) Old regions: 36->37
[2026-05-05T08:34:47.833-0400][2108.480s] GC(61) Humongous regions: 0->0
[2026-05-05T08:34:47.833-0400][2108.480s] GC(61) Metaspace: 11653K(11904K)->11653K(11904K) NonClass: 10682K(10816K)->10682K(10816K) Class: 970K(1088K)->970K(1088K)
[2026-05-05T08:34:47.833-0400][2108.480s] GC(61) Pause Young (Normal) (G1 Evacuation Pause) 476M->308M(4096M) 5.983ms
[2026-05-05T08:34:47.833-0400][2108.480s] GC(61) User=0.05s Sys=0.00s Real=0.01s
[2026-05-05T08:35:34.211-0400][2154.858s] GC(62) Pause Young (Normal) (G1 Evacuation Pause)
[2026-05-05T08:35:34.211-0400][2154.858s] GC(62) Using 10 workers of 10 for evacuation
[2026-05-05T08:35:34.216-0400][2154.863s] GC(62) MMU target violated: 5.3ms (5.0ms/6.0ms)
[2026-05-05T08:35:34.216-0400][2154.863s] GC(62)   Pre Evacuate Collection Set: 0.08ms
[2026-05-05T08:35:34.216-0400][2154.863s] GC(62)   Merge Heap Roots: 0.03ms
[2026-05-05T08:35:34.216-0400][2154.863s] GC(62)   Evacuate Collection Set: 5.05ms
[2026-05-05T08:35:34.216-0400][2154.863s] GC(62)   Post Evacuate Collection Set: 0.14ms
[2026-05-05T08:35:34.216-0400][2154.863s] GC(62)   Other: 0.12ms
[2026-05-05T08:35:34.216-0400][2154.863s] GC(62) Eden regions: 22->0(22)
[2026-05-05T08:35:34.216-0400][2154.863s] GC(62) Survivor regions: 3->3(4)
[2026-05-05T08:35:34.216-0400][2154.863s] GC(62) Old regions: 37->38
[2026-05-05T08:35:34.216-0400][2154.863s] GC(62) Humongous regions: 0->0
[2026-05-05T08:35:34.216-0400][2154.863s] GC(62) Metaspace: 11653K(11904K)->11653K(11904K) NonClass: 10682K(10816K)->10682K(10816K) Class: 970K(1088K)->970K(1088K)
[2026-05-05T08:35:34.216-0400][2154.863s] GC(62) Pause Young (Normal) (G1 Evacuation Pause) 484M->315M(4096M) 5.627ms
[2026-05-05T08:35:34.216-0400][2154.863s] GC(62) User=0.05s Sys=0.00s Real=0.00s
[2026-05-05T08:36:15.987-0400][2196.634s] GC(63) Pause Young (Normal) (G1 Evacuation Pause)
[2026-05-05T08:36:15.987-0400][2196.634s] GC(63) Using 10 workers of 10 for evacuation
[2026-05-05T08:36:15.993-0400][2196.640s] GC(63) MMU target violated: 5.4ms (5.0ms/6.0ms)
[2026-05-05T08:36:15.993-0400][2196.640s] GC(63)   Pre Evacuate Collection Set: 0.09ms
[2026-05-05T08:36:15.993-0400][2196.640s] GC(63)   Merge Heap Roots: 0.03ms
[2026-05-05T08:36:15.993-0400][2196.640s] GC(63)   Evacuate Collection Set: 5.07ms
[2026-05-05T08:36:15.993-0400][2196.640s] GC(63)   Post Evacuate Collection Set: 0.16ms
[2026-05-05T08:36:15.993-0400][2196.640s] GC(63)   Other: 0.09ms
[2026-05-05T08:36:15.993-0400][2196.640s] GC(63) Eden regions: 22->0(22)
[2026-05-05T08:36:15.993-0400][2196.640s] GC(63) Survivor regions: 3->3(4)
[2026-05-05T08:36:15.993-0400][2196.640s] GC(63) Old regions: 38->39
[2026-05-05T08:36:15.993-0400][2196.640s] GC(63) Humongous regions: 0->0
[2026-05-05T08:36:15.993-0400][2196.640s] GC(63) Metaspace: 11661K(11904K)->11661K(11904K) NonClass: 10690K(10816K)->10690K(10816K) Class: 970K(1088K)->970K(1088K)
[2026-05-05T08:36:15.993-0400][2196.640s] GC(63) Pause Young (Normal) (G1 Evacuation Pause) 491M->325M(4096M) 5.575ms
[2026-05-05T08:36:15.993-0400][2196.640s] GC(63) User=0.05s Sys=0.00s Real=0.01s
[2026-05-05T08:36:55.829-0400][2236.476s] GC(64) Pause Young (Normal) (G1 Evacuation Pause)
[2026-05-05T08:36:55.829-0400][2236.476s] GC(64) Using 10 workers of 10 for evacuation
[2026-05-05T08:36:55.842-0400][2236.489s] GC(64) MMU target violated: 6.0ms (5.0ms/6.0ms)
[2026-05-05T08:36:55.842-0400][2236.489s] GC(64)   Pre Evacuate Collection Set: 0.13ms
[2026-05-05T08:36:55.842-0400][2236.489s] GC(64)   Merge Heap Roots: 0.04ms
[2026-05-05T08:36:55.842-0400][2236.489s] GC(64)   Evacuate Collection Set: 12.90ms
[2026-05-05T08:36:55.842-0400][2236.489s] GC(64)   Post Evacuate Collection Set: 0.22ms
[2026-05-05T08:36:55.842-0400][2236.489s] GC(64)   Other: 0.11ms
[2026-05-05T08:36:55.842-0400][2236.489s] GC(64) Eden regions: 22->0(21)
[2026-05-05T08:36:55.842-0400][2236.489s] GC(64) Survivor regions: 3->4(4)
[2026-05-05T08:36:55.842-0400][2236.489s] GC(64) Old regions: 39->40
[2026-05-05T08:36:55.842-0400][2236.489s] GC(64) Humongous regions: 0->0
[2026-05-05T08:36:55.842-0400][2236.489s] GC(64) Metaspace: 11680K(11904K)->11680K(11904K) NonClass: 10707K(10816K)->10707K(10816K) Class: 972K(1088K)->972K(1088K)
[2026-05-05T08:36:55.842-0400][2236.490s] GC(64) Pause Young (Normal) (G1 Evacuation Pause) 501M->343M(4096M) 13.629ms
[2026-05-05T08:36:55.843-0400][2236.490s] GC(64) User=0.09s Sys=0.00s Real=0.02s
[2026-05-05T08:37:45.141-0400][2285.788s] GC(65) Pause Young (Normal) (G1 Evacuation Pause)
[2026-05-05T08:37:45.141-0400][2285.788s] GC(65) Using 10 workers of 10 for evacuation
[2026-05-05T08:37:45.158-0400][2285.805s] GC(65) MMU target violated: 6.0ms (5.0ms/6.0ms)
[2026-05-05T08:37:45.158-0400][2285.805s] GC(65)   Pre Evacuate Collection Set: 0.15ms
[2026-05-05T08:37:45.158-0400][2285.805s] GC(65)   Merge Heap Roots: 0.04ms
[2026-05-05T08:37:45.158-0400][2285.805s] GC(65)   Evacuate Collection Set: 16.52ms
[2026-05-05T08:37:45.158-0400][2285.805s] GC(65)   Post Evacuate Collection Set: 0.25ms
[2026-05-05T08:37:45.158-0400][2285.805s] GC(65)   Other: 0.12ms
[2026-05-05T08:37:45.158-0400][2285.805s] GC(65) Eden regions: 21->0(23)
[2026-05-05T08:37:45.158-0400][2285.805s] GC(65) Survivor regions: 4->2(4)
[2026-05-05T08:37:45.158-0400][2285.805s] GC(65) Old regions: 40->45
[2026-05-05T08:37:45.158-0400][2285.805s] GC(65) Humongous regions: 0->0
[2026-05-05T08:37:45.158-0400][2285.805s] GC(65) Metaspace: 11680K(11904K)->11680K(11904K) NonClass: 10707K(10816K)->10707K(10816K) Class: 972K(1088K)->972K(1088K)
[2026-05-05T08:37:45.158-0400][2285.805s] GC(65) Pause Young (Normal) (G1 Evacuation Pause) 511M->356M(4096M) 17.281ms
[2026-05-05T08:37:45.158-0400][2285.805s] GC(65) User=0.09s Sys=0.00s Real=0.01s
[2026-05-05T08:38:32.933-0400][2333.580s] GC(66) Pause Young (Normal) (G1 Evacuation Pause)
[2026-05-05T08:38:32.933-0400][2333.580s] GC(66) Using 10 workers of 10 for evacuation
[2026-05-05T08:38:32.937-0400][2333.584s] GC(66)   Pre Evacuate Collection Set: 0.13ms
[2026-05-05T08:38:32.937-0400][2333.584s] GC(66)   Merge Heap Roots: 0.02ms
[2026-05-05T08:38:32.937-0400][2333.584s] GC(66)   Evacuate Collection Set: 3.10ms
[2026-05-05T08:38:32.937-0400][2333.584s] GC(66)   Post Evacuate Collection Set: 0.17ms
[2026-05-05T08:38:32.937-0400][2333.584s] GC(66)   Other: 0.05ms
[2026-05-05T08:38:32.937-0400][2333.584s] GC(66) Eden regions: 23->0(23)
[2026-05-05T08:38:32.937-0400][2333.584s] GC(66) Survivor regions: 2->2(4)
[2026-05-05T08:38:32.937-0400][2333.584s] GC(66) Old regions: 45->45
[2026-05-05T08:38:32.937-0400][2333.584s] GC(66) Humongous regions: 0->0
[2026-05-05T08:38:32.937-0400][2333.584s] GC(66) Metaspace: 11680K(11904K)->11680K(11904K) NonClass: 10707K(10816K)->10707K(10816K) Class: 972K(1088K)->972K(1088K)
[2026-05-05T08:38:32.937-0400][2333.584s] GC(66) Pause Young (Normal) (G1 Evacuation Pause) 540M->361M(4096M) 3.669ms
[2026-05-05T08:38:32.937-0400][2333.584s] GC(66) User=0.02s Sys=0.00s Real=0.00s
[2026-05-05T08:39:16.838-0400][2377.485s] GC(67) Pause Young (Normal) (G1 Evacuation Pause)
[2026-05-05T08:39:16.838-0400][2377.485s] GC(67) Using 10 workers of 10 for evacuation
[2026-05-05T08:39:16.843-0400][2377.490s] GC(67)   Pre Evacuate Collection Set: 0.09ms
[2026-05-05T08:39:16.843-0400][2377.490s] GC(67)   Merge Heap Roots: 0.02ms
[2026-05-05T08:39:16.843-0400][2377.490s] GC(67)   Evacuate Collection Set: 4.59ms
[2026-05-05T08:39:16.843-0400][2377.490s] GC(67)   Post Evacuate Collection Set: 0.14ms
[2026-05-05T08:39:16.843-0400][2377.490s] GC(67)   Other: 0.07ms
[2026-05-05T08:39:16.843-0400][2377.490s] GC(67) Eden regions: 23->0(22)
[2026-05-05T08:39:16.843-0400][2377.490s] GC(67) Survivor regions: 2->3(4)
[2026-05-05T08:39:16.843-0400][2377.490s] GC(67) Old regions: 45->45
[2026-05-05T08:39:16.843-0400][2377.490s] GC(67) Humongous regions: 0->0
[2026-05-05T08:39:16.843-0400][2377.490s] GC(67) Metaspace: 11680K(11904K)->11680K(11904K) NonClass: 10707K(10816K)->10707K(10816K) Class: 972K(1088K)->972K(1088K)
[2026-05-05T08:39:16.843-0400][2377.490s] GC(67) Pause Young (Normal) (G1 Evacuation Pause) 545M->370M(4096M) 5.159ms
[2026-05-05T08:39:16.843-0400][2377.490s] GC(67) User=0.04s Sys=0.00s Real=0.01s
[2026-05-05T08:39:54.081-0400][2414.729s] GC(68) Pause Young (Normal) (G1 Evacuation Pause)
[2026-05-05T08:39:54.082-0400][2414.729s] GC(68) Using 10 workers of 10 for evacuation
[2026-05-05T08:39:54.088-0400][2414.735s] GC(68) MMU target violated: 6.0ms (5.0ms/6.0ms)
[2026-05-05T08:39:54.088-0400][2414.735s] GC(68)   Pre Evacuate Collection Set: 0.10ms
[2026-05-05T08:39:54.088-0400][2414.735s] GC(68)   Merge Heap Roots: 0.03ms
[2026-05-05T08:39:54.088-0400][2414.735s] GC(68)   Evacuate Collection Set: 5.72ms
[2026-05-05T08:39:54.088-0400][2414.735s] GC(68)   Post Evacuate Collection Set: 0.18ms
[2026-05-05T08:39:54.088-0400][2414.735s] GC(68)   Other: 0.11ms
[2026-05-05T08:39:54.088-0400][2414.735s] GC(68) Eden regions: 22->0(22)
[2026-05-05T08:39:54.088-0400][2414.735s] GC(68) Survivor regions: 3->3(4)
[2026-05-05T08:39:54.088-0400][2414.735s] GC(68) Old regions: 45->46
[2026-05-05T08:39:54.088-0400][2414.735s] GC(68) Humongous regions: 0->0
[2026-05-05T08:39:54.088-0400][2414.735s] GC(68) Metaspace: 11680K(11904K)->11680K(11904K) NonClass: 10707K(10816K)->10707K(10816K) Class: 972K(1088K)->972K(1088K)
[2026-05-05T08:39:54.088-0400][2414.735s] GC(68) Pause Young (Normal) (G1 Evacuation Pause) 546M->376M(4096M) 6.346ms
[2026-05-05T08:39:54.088-0400][2414.735s] GC(68) User=0.06s Sys=0.00s Real=0.00s
[2026-05-05T08:40:36.408-0400][2457.055s] GC(69) Pause Young (Normal) (G1 Evacuation Pause)
[2026-05-05T08:40:36.408-0400][2457.055s] GC(69) Using 10 workers of 10 for evacuation
[2026-05-05T08:40:36.414-0400][2457.061s] GC(69) MMU target violated: 6.0ms (5.0ms/6.0ms)
[2026-05-05T08:40:36.414-0400][2457.061s] GC(69)   Pre Evacuate Collection Set: 0.11ms
[2026-05-05T08:40:36.414-0400][2457.061s] GC(69)   Merge Heap Roots: 0.04ms
[2026-05-05T08:40:36.414-0400][2457.061s] GC(69)   Evacuate Collection Set: 6.15ms
[2026-05-05T08:40:36.414-0400][2457.061s] GC(69)   Post Evacuate Collection Set: 0.16ms
[2026-05-05T08:40:36.414-0400][2457.061s] GC(69)   Other: 0.10ms
[2026-05-05T08:40:36.414-0400][2457.061s] GC(69) Eden regions: 22->0(22)
[2026-05-05T08:40:36.414-0400][2457.061s] GC(69) Survivor regions: 3->3(4)
[2026-05-05T08:40:36.414-0400][2457.061s] GC(69) Old regions: 46->47
[2026-05-05T08:40:36.414-0400][2457.061s] GC(69) Humongous regions: 0->0
[2026-05-05T08:40:36.414-0400][2457.061s] GC(69) Metaspace: 11683K(11904K)->11683K(11904K) NonClass: 10710K(10816K)->10710K(10816K) Class: 972K(1088K)->972K(1088K)
[2026-05-05T08:40:36.414-0400][2457.061s] GC(69) Pause Young (Normal) (G1 Evacuation Pause) 552M->384M(4096M) 6.724ms
[2026-05-05T08:40:36.414-0400][2457.061s] GC(69) User=0.05s Sys=0.00s Real=0.01s
[2026-05-05T08:41:15.246-0400][2495.893s] GC(70) Pause Young (Normal) (G1 Evacuation Pause)
[2026-05-05T08:41:15.246-0400][2495.893s] GC(70) Using 10 workers of 10 for evacuation
[2026-05-05T08:41:15.285-0400][2495.932s] GC(70) MMU target violated: 6.0ms (5.0ms/6.0ms)
[2026-05-05T08:41:15.285-0400][2495.932s] GC(70)   Pre Evacuate Collection Set: 2.34ms
[2026-05-05T08:41:15.285-0400][2495.932s] GC(70)   Merge Heap Roots: 0.12ms
[2026-05-05T08:41:15.285-0400][2495.932s] GC(70)   Evacuate Collection Set: 35.95ms
[2026-05-05T08:41:15.285-0400][2495.932s] GC(70)   Post Evacuate Collection Set: 0.49ms
[2026-05-05T08:41:15.285-0400][2495.932s] GC(70)   Other: 0.16ms
[2026-05-05T08:41:15.285-0400][2495.932s] GC(70) Eden regions: 22->0(22)
[2026-05-05T08:41:15.285-0400][2495.932s] GC(70) Survivor regions: 3->3(4)
[2026-05-05T08:41:15.285-0400][2495.932s] GC(70) Old regions: 47->48
[2026-05-05T08:41:15.285-0400][2495.932s] GC(70) Humongous regions: 0->0
[2026-05-05T08:41:15.285-0400][2495.932s] GC(70) Metaspace: 11685K(11904K)->11685K(11904K) NonClass: 10712K(10816K)->10712K(10816K) Class: 972K(1088K)->972K(1088K)
[2026-05-05T08:41:15.285-0400][2495.932s] GC(70) Pause Young (Normal) (G1 Evacuation Pause) 560M->392M(4096M) 39.354ms
[2026-05-05T08:41:15.285-0400][2495.932s] GC(70) User=0.06s Sys=0.00s Real=0.04s
[2026-05-05T08:42:02.270-0400][2542.917s] GC(71) Pause Young (Normal) (G1 Evacuation Pause)
[2026-05-05T08:42:02.270-0400][2542.917s] GC(71) Using 10 workers of 10 for evacuation
[2026-05-05T08:42:02.279-0400][2542.926s] GC(71) MMU target violated: 6.0ms (5.0ms/6.0ms)
[2026-05-05T08:42:02.279-0400][2542.926s] GC(71)   Pre Evacuate Collection Set: 0.13ms
[2026-05-05T08:42:02.279-0400][2542.926s] GC(71)   Merge Heap Roots: 0.09ms
[2026-05-05T08:42:02.279-0400][2542.926s] GC(71)   Evacuate Collection Set: 7.91ms
[2026-05-05T08:42:02.279-0400][2542.926s] GC(71)   Post Evacuate Collection Set: 0.20ms
[2026-05-05T08:42:02.279-0400][2542.926s] GC(71)   Other: 0.13ms
[2026-05-05T08:42:02.279-0400][2542.926s] GC(71) Eden regions: 22->0(22)
[2026-05-05T08:42:02.279-0400][2542.926s] GC(71) Survivor regions: 3->3(4)
[2026-05-05T08:42:02.279-0400][2542.926s] GC(71) Old regions: 48->49
[2026-05-05T08:42:02.279-0400][2542.926s] GC(71) Humongous regions: 0->0
[2026-05-05T08:42:02.279-0400][2542.926s] GC(71) Metaspace: 11685K(11904K)->11685K(11904K) NonClass: 10712K(10816K)->10712K(10816K) Class: 972K(1088K)->972K(1088K)
[2026-05-05T08:42:02.279-0400][2542.926s] GC(71) Pause Young (Normal) (G1 Evacuation Pause) 568M->398M(4096M) 8.633ms
[2026-05-05T08:42:02.279-0400][2542.926s] GC(71) User=0.07s Sys=0.00s Real=0.00s
[2026-05-05T08:42:38.227-0400][2578.874s] GC(72) Pause Young (Normal) (G1 Evacuation Pause)
[2026-05-05T08:42:38.227-0400][2578.874s] GC(72) Using 10 workers of 10 for evacuation
[2026-05-05T08:42:38.234-0400][2578.881s] GC(72) MMU target violated: 6.0ms (5.0ms/6.0ms)
[2026-05-05T08:42:38.234-0400][2578.881s] GC(72)   Pre Evacuate Collection Set: 0.11ms
[2026-05-05T08:42:38.234-0400][2578.881s] GC(72)   Merge Heap Roots: 0.10ms
[2026-05-05T08:42:38.234-0400][2578.881s] GC(72)   Evacuate Collection Set: 6.07ms
[2026-05-05T08:42:38.234-0400][2578.881s] GC(72)   Post Evacuate Collection Set: 0.17ms
[2026-05-05T08:42:38.234-0400][2578.881s] GC(72)   Other: 0.11ms
[2026-05-05T08:42:38.234-0400][2578.881s] GC(72) Eden regions: 22->0(22)
[2026-05-05T08:42:38.234-0400][2578.881s] GC(72) Survivor regions: 3->3(4)
[2026-05-05T08:42:38.234-0400][2578.881s] GC(72) Old regions: 49->49
[2026-05-05T08:42:38.234-0400][2578.881s] GC(72) Humongous regions: 0->0
[2026-05-05T08:42:38.234-0400][2578.881s] GC(72) Metaspace: 11686K(11904K)->11686K(11904K) NonClass: 10713K(10816K)->10713K(10816K) Class: 972K(1088K)->972K(1088K)
[2026-05-05T08:42:38.234-0400][2578.881s] GC(72) Pause Young (Normal) (G1 Evacuation Pause) 574M->406M(4096M) 6.714ms
[2026-05-05T08:42:38.234-0400][2578.881s] GC(72) User=0.05s Sys=0.00s Real=0.01s
[2026-05-05T08:43:17.775-0400][2618.422s] GC(73) Pause Young (Normal) (G1 Evacuation Pause)
[2026-05-05T08:43:17.775-0400][2618.422s] GC(73) Using 10 workers of 10 for evacuation
[2026-05-05T08:43:17.781-0400][2618.429s] GC(73) MMU target violated: 6.0ms (5.0ms/6.0ms)
[2026-05-05T08:43:17.782-0400][2618.429s] GC(73)   Pre Evacuate Collection Set: 0.09ms
[2026-05-05T08:43:17.782-0400][2618.429s] GC(73)   Merge Heap Roots: 0.16ms
[2026-05-05T08:43:17.782-0400][2618.429s] GC(73)   Evacuate Collection Set: 6.00ms
[2026-05-05T08:43:17.782-0400][2618.429s] GC(73)   Post Evacuate Collection Set: 0.16ms
[2026-05-05T08:43:17.782-0400][2618.429s] GC(73)   Other: 0.10ms
[2026-05-05T08:43:17.782-0400][2618.429s] GC(73) Eden regions: 22->0(22)
[2026-05-05T08:43:17.782-0400][2618.429s] GC(73) Survivor regions: 3->3(4)
[2026-05-05T08:43:17.782-0400][2618.429s] GC(73) Old regions: 49->50
[2026-05-05T08:43:17.782-0400][2618.429s] GC(73) Humongous regions: 0->0
[2026-05-05T08:43:17.782-0400][2618.429s] GC(73) Metaspace: 11698K(11968K)->11698K(11968K) NonClass: 10725K(10880K)->10725K(10880K) Class: 972K(1088K)->972K(1088K)
[2026-05-05T08:43:17.782-0400][2618.429s] GC(73) Pause Young (Normal) (G1 Evacuation Pause) 582M->414M(4096M) 6.713ms
[2026-05-05T08:43:17.782-0400][2618.429s] GC(73) User=0.05s Sys=0.00s Real=0.01s
[2026-05-05T08:43:46.068-0400][2646.715s] GC(74) Pause Young (Normal) (G1 Evacuation Pause)
[2026-05-05T08:43:46.068-0400][2646.715s] GC(74) Using 10 workers of 10 for evacuation
[2026-05-05T08:43:46.074-0400][2646.721s] GC(74) MMU target violated: 6.0ms (5.0ms/6.0ms)
[2026-05-05T08:43:46.074-0400][2646.721s] GC(74)   Pre Evacuate Collection Set: 0.12ms
[2026-05-05T08:43:46.074-0400][2646.722s] GC(74)   Merge Heap Roots: 0.11ms
[2026-05-05T08:43:46.074-0400][2646.722s] GC(74)   Evacuate Collection Set: 5.65ms
[2026-05-05T08:43:46.074-0400][2646.722s] GC(74)   Post Evacuate Collection Set: 0.19ms
[2026-05-05T08:43:46.074-0400][2646.722s] GC(74)   Other: 0.11ms
[2026-05-05T08:43:46.074-0400][2646.722s] GC(74) Eden regions: 22->0(21)
[2026-05-05T08:43:46.074-0400][2646.722s] GC(74) Survivor regions: 3->4(4)
[2026-05-05T08:43:46.074-0400][2646.722s] GC(74) Old regions: 50->51
[2026-05-05T08:43:46.075-0400][2646.722s] GC(74) Humongous regions: 0->0
[2026-05-05T08:43:46.075-0400][2646.722s] GC(74) Metaspace: 11741K(11968K)->11741K(11968K) NonClass: 10769K(10880K)->10769K(10880K) Class: 972K(1088K)->972K(1088K)
[2026-05-05T08:43:46.075-0400][2646.722s] GC(74) Pause Young (Normal) (G1 Evacuation Pause) 590M->423M(4096M) 6.348ms
[2026-05-05T08:43:46.075-0400][2646.722s] GC(74) User=0.04s Sys=0.01s Real=0.01s
[2026-05-05T08:44:29.218-0400][2689.865s] GC(75) Pause Young (Normal) (G1 Evacuation Pause)
[2026-05-05T08:44:29.218-0400][2689.866s] GC(75) Using 10 workers of 10 for evacuation
[2026-05-05T08:44:29.224-0400][2689.871s] GC(75) MMU target violated: 5.6ms (5.0ms/6.0ms)
[2026-05-05T08:44:29.224-0400][2689.871s] GC(75)   Pre Evacuate Collection Set: 0.09ms
[2026-05-05T08:44:29.224-0400][2689.871s] GC(75)   Merge Heap Roots: 0.06ms
[2026-05-05T08:44:29.224-0400][2689.871s] GC(75)   Evacuate Collection Set: 5.25ms
[2026-05-05T08:44:29.224-0400][2689.871s] GC(75)   Post Evacuate Collection Set: 0.16ms
[2026-05-05T08:44:29.224-0400][2689.871s] GC(75)   Other: 0.10ms
[2026-05-05T08:44:29.224-0400][2689.871s] GC(75) Eden regions: 21->0(22)
[2026-05-05T08:44:29.224-0400][2689.871s] GC(75) Survivor regions: 4->3(4)
[2026-05-05T08:44:29.224-0400][2689.871s] GC(75) Old regions: 51->52
[2026-05-05T08:44:29.224-0400][2689.871s] GC(75) Humongous regions: 0->0
[2026-05-05T08:44:29.224-0400][2689.871s] GC(75) Metaspace: 11741K(11968K)->11741K(11968K) NonClass: 10769K(10880K)->10769K(10880K) Class: 972K(1088K)->972K(1088K)
[2026-05-05T08:44:29.224-0400][2689.871s] GC(75) Pause Young (Normal) (G1 Evacuation Pause) 591M->428M(4096M) 5.801ms
[2026-05-05T08:44:29.224-0400][2689.871s] GC(75) User=0.05s Sys=0.00s Real=0.01s
[2026-05-05T08:45:10.605-0400][2731.252s] GC(76) Pause Young (Normal) (G1 Evacuation Pause)
[2026-05-05T08:45:10.605-0400][2731.252s] GC(76) Using 10 workers of 10 for evacuation
[2026-05-05T08:45:10.611-0400][2731.258s] GC(76) MMU target violated: 5.8ms (5.0ms/6.0ms)
[2026-05-05T08:45:10.611-0400][2731.258s] GC(76)   Pre Evacuate Collection Set: 0.10ms
[2026-05-05T08:45:10.611-0400][2731.258s] GC(76)   Merge Heap Roots: 0.06ms
[2026-05-05T08:45:10.611-0400][2731.258s] GC(76)   Evacuate Collection Set: 5.42ms
[2026-05-05T08:45:10.611-0400][2731.258s] GC(76)   Post Evacuate Collection Set: 0.18ms
[2026-05-05T08:45:10.611-0400][2731.258s] GC(76)   Other: 0.10ms
[2026-05-05T08:45:10.611-0400][2731.258s] GC(76) Eden regions: 22->0(22)
[2026-05-05T08:45:10.611-0400][2731.258s] GC(76) Survivor regions: 3->3(4)
[2026-05-05T08:45:10.611-0400][2731.258s] GC(76) Old regions: 52->53
[2026-05-05T08:45:10.611-0400][2731.258s] GC(76) Humongous regions: 0->0
[2026-05-05T08:45:10.611-0400][2731.258s] GC(76) Metaspace: 11744K(11968K)->11744K(11968K) NonClass: 10771K(10880K)->10771K(10880K) Class: 972K(1088K)->972K(1088K)
[2026-05-05T08:45:10.611-0400][2731.258s] GC(76) Pause Young (Normal) (G1 Evacuation Pause) 604M->435M(4096M) 6.011ms
[2026-05-05T08:45:10.611-0400][2731.258s] GC(76) User=0.05s Sys=0.00s Real=0.01s
[2026-05-05T08:45:51.040-0400][2771.687s] GC(77) Pause Young (Normal) (G1 Evacuation Pause)
[2026-05-05T08:45:51.040-0400][2771.687s] GC(77) Using 10 workers of 10 for evacuation
[2026-05-05T08:45:51.047-0400][2771.694s] GC(77) MMU target violated: 6.0ms (5.0ms/6.0ms)
[2026-05-05T08:45:51.047-0400][2771.694s] GC(77)   Pre Evacuate Collection Set: 0.10ms
[2026-05-05T08:45:51.047-0400][2771.694s] GC(77)   Merge Heap Roots: 0.07ms
[2026-05-05T08:45:51.047-0400][2771.694s] GC(77)   Evacuate Collection Set: 6.15ms
[2026-05-05T08:45:51.047-0400][2771.694s] GC(77)   Post Evacuate Collection Set: 0.19ms
[2026-05-05T08:45:51.047-0400][2771.694s] GC(77)   Other: 0.12ms
[2026-05-05T08:45:51.047-0400][2771.694s] GC(77) Eden regions: 22->0(22)
[2026-05-05T08:45:51.047-0400][2771.694s] GC(77) Survivor regions: 3->3(4)
[2026-05-05T08:45:51.047-0400][2771.694s] GC(77) Old regions: 53->54
[2026-05-05T08:45:51.047-0400][2771.694s] GC(77) Humongous regions: 0->0
[2026-05-05T08:45:51.047-0400][2771.694s] GC(77) Metaspace: 11744K(11968K)->11744K(11968K) NonClass: 10771K(10880K)->10771K(10880K) Class: 972K(1088K)->972K(1088K)
[2026-05-05T08:45:51.047-0400][2771.694s] GC(77) Pause Young (Normal) (G1 Evacuation Pause) 611M->445M(4096M) 6.798ms
[2026-05-05T08:45:51.047-0400][2771.694s] GC(77) User=0.05s Sys=0.01s Real=0.00s
[2026-05-05T08:46:35.776-0400][2816.423s] GC(78) Pause Young (Normal) (G1 Evacuation Pause)
[2026-05-05T08:46:35.776-0400][2816.423s] GC(78) Using 10 workers of 10 for evacuation
[2026-05-05T08:46:35.782-0400][2816.429s] GC(78) MMU target violated: 6.0ms (5.0ms/6.0ms)
[2026-05-05T08:46:35.782-0400][2816.429s] GC(78)   Pre Evacuate Collection Set: 0.12ms
[2026-05-05T08:46:35.782-0400][2816.429s] GC(78)   Merge Heap Roots: 0.03ms
[2026-05-05T08:46:35.782-0400][2816.429s] GC(78)   Evacuate Collection Set: 5.66ms
[2026-05-05T08:46:35.782-0400][2816.429s] GC(78)   Post Evacuate Collection Set: 0.22ms
[2026-05-05T08:46:35.782-0400][2816.429s] GC(78)   Other: 0.11ms
[2026-05-05T08:46:35.782-0400][2816.429s] GC(78) Eden regions: 22->0(22)
[2026-05-05T08:46:35.782-0400][2816.429s] GC(78) Survivor regions: 3->3(4)
[2026-05-05T08:46:35.782-0400][2816.429s] GC(78) Old regions: 54->55
[2026-05-05T08:46:35.782-0400][2816.429s] GC(78) Humongous regions: 0->0
[2026-05-05T08:46:35.782-0400][2816.429s] GC(78) Metaspace: 11744K(11968K)->11744K(11968K) NonClass: 10771K(10880K)->10771K(10880K) Class: 972K(1088K)->972K(1088K)
[2026-05-05T08:46:35.782-0400][2816.429s] GC(78) Pause Young (Normal) (G1 Evacuation Pause) 621M->453M(4096M) 6.329ms
[2026-05-05T08:46:35.782-0400][2816.429s] GC(78) User=0.05s Sys=0.00s Real=0.01s
[2026-05-05T08:47:17.803-0400][2858.450s] GC(79) Pause Young (Normal) (G1 Evacuation Pause)
[2026-05-05T08:47:17.803-0400][2858.450s] GC(79) Using 10 workers of 10 for evacuation
[2026-05-05T08:47:17.818-0400][2858.465s] GC(79) MMU target violated: 6.0ms (5.0ms/6.0ms)
[2026-05-05T08:47:17.818-0400][2858.465s] GC(79)   Pre Evacuate Collection Set: 0.07ms
[2026-05-05T08:47:17.818-0400][2858.465s] GC(79)   Merge Heap Roots: 0.02ms
[2026-05-05T08:47:17.818-0400][2858.465s] GC(79)   Evacuate Collection Set: 14.28ms
[2026-05-05T08:47:17.818-0400][2858.465s] GC(79)   Post Evacuate Collection Set: 0.35ms
[2026-05-05T08:47:17.818-0400][2858.465s] GC(79)   Other: 0.14ms
[2026-05-05T08:47:17.818-0400][2858.465s] GC(79) Eden regions: 22->0(22)
[2026-05-05T08:47:17.818-0400][2858.465s] GC(79) Survivor regions: 3->3(4)
[2026-05-05T08:47:17.818-0400][2858.465s] GC(79) Old regions: 55->56
[2026-05-05T08:47:17.818-0400][2858.465s] GC(79) Humongous regions: 0->0
[2026-05-05T08:47:17.818-0400][2858.465s] GC(79) Metaspace: 11744K(11968K)->11744K(11968K) NonClass: 10771K(10880K)->10771K(10880K) Class: 972K(1088K)->972K(1088K)
[2026-05-05T08:47:17.818-0400][2858.465s] GC(79) Pause Young (Normal) (G1 Evacuation Pause) 629M->461M(4096M) 15.217ms
[2026-05-05T08:47:17.818-0400][2858.465s] GC(79) User=0.12s Sys=0.00s Real=0.01s
[2026-05-05T08:47:59.512-0400][2900.159s] GC(80) Pause Young (Normal) (G1 Evacuation Pause)
[2026-05-05T08:47:59.512-0400][2900.159s] GC(80) Using 10 workers of 10 for evacuation
[2026-05-05T08:47:59.518-0400][2900.165s] GC(80) MMU target violated: 5.3ms (5.0ms/6.0ms)
[2026-05-05T08:47:59.518-0400][2900.165s] GC(80)   Pre Evacuate Collection Set: 0.10ms
[2026-05-05T08:47:59.518-0400][2900.165s] GC(80)   Merge Heap Roots: 0.03ms
[2026-05-05T08:47:59.518-0400][2900.165s] GC(80)   Evacuate Collection Set: 4.98ms
[2026-05-05T08:47:59.518-0400][2900.165s] GC(80)   Post Evacuate Collection Set: 0.14ms
[2026-05-05T08:47:59.518-0400][2900.165s] GC(80)   Other: 0.11ms
[2026-05-05T08:47:59.518-0400][2900.165s] GC(80) Eden regions: 22->0(22)
[2026-05-05T08:47:59.518-0400][2900.165s] GC(80) Survivor regions: 3->3(4)
[2026-05-05T08:47:59.518-0400][2900.165s] GC(80) Old regions: 56->57
[2026-05-05T08:47:59.518-0400][2900.165s] GC(80) Humongous regions: 0->0
[2026-05-05T08:47:59.518-0400][2900.165s] GC(80) Metaspace: 11744K(11968K)->11744K(11968K) NonClass: 10771K(10880K)->10771K(10880K) Class: 972K(1088K)->972K(1088K)
[2026-05-05T08:47:59.518-0400][2900.165s] GC(80) Pause Young (Normal) (G1 Evacuation Pause) 637M->469M(4096M) 5.518ms
[2026-05-05T08:47:59.518-0400][2900.165s] GC(80) User=0.05s Sys=0.00s Real=0.00s
